[19:38:03] E1 start. scans=['A', 'B'] cells={'A': [(10, 20), (10, 40), (10, 60), (10, 80), (10, 100)], 'B': [(10, 20), (20, 20), (30, 20), (40, 20), (46, 20)]} out=/content/drive/MyDrive/transformer-memory-interference/e1_extrapolation_multiples
[19:38:12] Loading base (hf)...
[19:38:17] === model=base ===
[19:38:39] A K=10 N=20 FVQ: acc=0.390 n=100 hw=0.094 (23s)
[19:39:01] A K=10 N=20 CVQ: acc=0.480 n=100 hw=0.096 (22s)
[19:39:21] A K=10 N=20 IVQ@0.10: acc=0.122 n=90 hw=0.070 (20s)
[19:39:43] A K=10 N=20 IVQ@0.25: acc=0.130 n=100 hw=0.067 (22s)
[19:39:55] A K=10 N=20 IVQ@0.50: acc=0.050 n=60 hw=0.065 (13s)
[19:40:04] A K=10 N=20 IVQ@0.75: acc=0.000 n=40 hw=0.061 (8s)
[19:40:15] A K=10 N=20 IVQ@0.90: acc=0.020 n=50 hw=0.061 (11s)
[19:41:00] A K=10 N=40 FVQ: acc=0.320 n=100 hw=0.090 (46s)
[19:41:45] A K=10 N=40 CVQ: acc=0.570 n=100 hw=0.095 (45s)
[19:42:17] A K=10 N=40 IVQ@0.10: acc=0.071 n=70 hw=0.066 (31s)
[19:42:44] A K=10 N=40 IVQ@0.25: acc=0.050 n=60 hw=0.065 (27s)
[19:43:01] A K=10 N=40 IVQ@0.50: acc=0.000 n=40 hw=0.061 (18s)
[19:43:19] A K=10 N=40 IVQ@0.75: acc=0.000 n=40 hw=0.061 (18s)
[19:43:41] A K=10 N=40 IVQ@0.90: acc=0.040 n=50 hw=0.069 (22s)
[19:44:54] A K=10 N=60 FVQ: acc=0.400 n=100 hw=0.094 (73s)
[19:46:07] A K=10 N=60 CVQ: acc=0.560 n=100 hw=0.096 (73s)
[19:46:36] A K=10 N=60 IVQ@0.10: acc=0.000 n=40 hw=0.061 (29s)
[19:47:04] A K=10 N=60 IVQ@0.25: acc=0.000 n=40 hw=0.061 (28s)
[19:47:32] A K=10 N=60 IVQ@0.50: acc=0.000 n=40 hw=0.061 (28s)
[19:48:02] A K=10 N=60 IVQ@0.75: acc=0.000 n=40 hw=0.061 (29s)
[19:48:44] A K=10 N=60 IVQ@0.90: acc=0.050 n=60 hw=0.065 (43s)
[19:50:28] A K=10 N=80 FVQ: acc=0.240 n=100 hw=0.083 (103s)
[19:52:10] A K=10 N=80 CVQ: acc=0.610 n=100 hw=0.094 (102s)
[19:52:51] A K=10 N=80 IVQ@0.10: acc=0.000 n=40 hw=0.061 (41s)
[19:53:32] A K=10 N=80 IVQ@0.25: acc=0.000 n=40 hw=0.061 (41s)
[19:54:24] A K=10 N=80 IVQ@0.50: acc=0.020 n=50 hw=0.061 (52s)
[19:55:06] A K=10 N=80 IVQ@0.75: acc=0.000 n=40 hw=0.061 (42s)
[19:55:47] A K=10 N=80 IVQ@0.90: acc=0.000 n=40 hw=0.061 (40s)
[19:56:55] A K=10 N=100 FVQ: acc=0.040 n=50 hw=0.069 (69s)
[19:59:14] A K=10 N=100 CVQ: acc=0.520 n=100 hw=0.096 (139s)
[20:00:10] A K=10 N=100 IVQ@0.10: acc=0.000 n=40 hw=0.061 (56s)
[20:01:05] A K=10 N=100 IVQ@0.25: acc=0.000 n=40 hw=0.061 (55s)
[20:01:59] A K=10 N=100 IVQ@0.50: acc=0.000 n=40 hw=0.061 (54s)
[20:02:53] A K=10 N=100 IVQ@0.75: acc=0.000 n=40 hw=0.061 (54s)
[20:03:48] A K=10 N=100 IVQ@0.90: acc=0.000 n=40 hw=0.061 (55s)
[20:04:10] B K=10 N=20 FVQ: acc=0.390 n=100 hw=0.094 (22s)
[20:04:32] B K=10 N=20 CVQ: acc=0.480 n=100 hw=0.096 (22s)
[20:04:51] B K=10 N=20 IVQ@0.10: acc=0.122 n=90 hw=0.070 (20s)
[20:05:13] B K=10 N=20 IVQ@0.25: acc=0.130 n=100 hw=0.067 (22s)
[20:05:26] B K=10 N=20 IVQ@0.50: acc=0.050 n=60 hw=0.065 (13s)
[20:05:34] B K=10 N=20 IVQ@0.75: acc=0.000 n=40 hw=0.061 (8s)
[20:05:45] B K=10 N=20 IVQ@0.90: acc=0.020 n=50 hw=0.061 (11s)
[20:06:30] B K=20 N=20 FVQ: acc=0.290 n=100 hw=0.088 (45s)
[20:07:14] B K=20 N=20 CVQ: acc=0.540 n=100 hw=0.096 (44s)
[20:07:50] B K=20 N=20 IVQ@0.10: acc=0.075 n=80 hw=0.063 (36s)
[20:08:12] B K=20 N=20 IVQ@0.25: acc=0.020 n=50 hw=0.061 (22s)
[20:08:35] B K=20 N=20 IVQ@0.50: acc=0.020 n=50 hw=0.061 (22s)
[20:08:52] B K=20 N=20 IVQ@0.75: acc=0.000 n=40 hw=0.061 (18s)
[20:09:15] B K=20 N=20 IVQ@0.90: acc=0.040 n=50 hw=0.069 (22s)
[20:10:26] B K=30 N=20 FVQ: acc=0.230 n=100 hw=0.082 (71s)
[20:11:37] B K=30 N=20 CVQ: acc=0.550 n=100 hw=0.096 (71s)
[20:12:12] B K=30 N=20 IVQ@0.10: acc=0.020 n=50 hw=0.061 (35s)
[20:12:48] B K=30 N=20 IVQ@0.25: acc=0.020 n=50 hw=0.061 (35s)
[20:13:16] B K=30 N=20 IVQ@0.50: acc=0.000 n=40 hw=0.061 (28s)
[20:13:44] B K=30 N=20 IVQ@0.75: acc=0.000 n=40 hw=0.061 (28s)
[20:14:40] B K=30 N=20 IVQ@0.90: acc=0.075 n=80 hw=0.063 (56s)
[20:16:19] B K=40 N=20 FVQ: acc=0.130 n=100 hw=0.067 (100s)
[20:17:59] B K=40 N=20 CVQ: acc=0.500 n=100 hw=0.096 (100s)
[20:18:39] B K=40 N=20 IVQ@0.10: acc=0.000 n=40 hw=0.061 (40s)
[20:19:29] B K=40 N=20 IVQ@0.25: acc=0.020 n=50 hw=0.061 (50s)
[20:20:18] B K=40 N=20 IVQ@0.50: acc=0.040 n=50 hw=0.069 (49s)
[20:21:08] B K=40 N=20 IVQ@0.75: acc=0.040 n=50 hw=0.069 (50s)
[20:22:27] B K=40 N=20 IVQ@0.90: acc=0.100 n=80 hw=0.069 (79s)
[20:23:33] B K=46 N=20 FVQ: acc=0.071 n=70 hw=0.066 (66s)
[20:25:08] B K=46 N=20 CVQ: acc=0.600 n=100 hw=0.094 (96s)
[20:25:56] B K=46 N=20 IVQ@0.10: acc=0.040 n=50 hw=0.069 (47s)
[20:26:44] B K=46 N=20 IVQ@0.25: acc=0.020 n=50 hw=0.061 (48s)
[20:27:23] B K=46 N=20 IVQ@0.50: acc=0.000 n=40 hw=0.061 (39s)
[20:28:04] B K=46 N=20 IVQ@0.75: acc=0.000 n=40 hw=0.061 (41s)
[20:29:41] B K=46 N=20 IVQ@0.90: acc=0.160 n=100 hw=0.073 (97s)
[20:29:41] Loading LoRA (hf)...
[20:29:46] === model=lora ===
[20:29:55] A K=10 N=20 FVQ: acc=1.000 n=40 hw=0.061 (9s)
[20:30:06] A K=10 N=20 CVQ: acc=0.960 n=50 hw=0.069 (11s)
[20:30:15] A K=10 N=20 IVQ@0.10: acc=1.000 n=40 hw=0.061 (9s)
[20:30:36] A K=10 N=20 IVQ@0.25: acc=0.790 n=100 hw=0.080 (22s)
[20:30:58] A K=10 N=20 IVQ@0.50: acc=0.440 n=100 hw=0.096 (22s)
[20:31:20] A K=10 N=20 IVQ@0.75: acc=0.200 n=100 hw=0.078 (22s)
[20:31:41] A K=10 N=20 IVQ@0.90: acc=0.350 n=100 hw=0.092 (22s)
[20:32:00] A K=10 N=40 FVQ: acc=1.000 n=40 hw=0.061 (18s)
[20:32:18] A K=10 N=40 CVQ: acc=1.000 n=40 hw=0.061 (18s)
[20:33:03] A K=10 N=40 IVQ@0.10: acc=0.630 n=100 hw=0.093 (45s)
[20:33:48] A K=10 N=40 IVQ@0.25: acc=0.330 n=100 hw=0.091 (45s)
[20:34:06] A K=10 N=40 IVQ@0.50: acc=0.000 n=40 hw=0.061 (18s)
[20:34:24] A K=10 N=40 IVQ@0.75: acc=0.000 n=40 hw=0.061 (18s)
[20:34:55] A K=10 N=40 IVQ@0.90: acc=0.057 n=70 hw=0.062 (31s)
[20:35:24] A K=10 N=60 FVQ: acc=1.000 n=40 hw=0.061 (29s)
[20:36:00] A K=10 N=60 CVQ: acc=0.980 n=50 hw=0.061 (37s)
[20:37:12] A K=10 N=60 IVQ@0.10: acc=0.560 n=100 hw=0.096 (71s)
[20:37:41] A K=10 N=60 IVQ@0.25: acc=0.000 n=40 hw=0.061 (29s)
[20:38:09] A K=10 N=60 IVQ@0.50: acc=0.000 n=40 hw=0.061 (28s)
[20:38:39] A K=10 N=60 IVQ@0.75: acc=0.000 n=40 hw=0.061 (29s)
[20:39:36] A K=10 N=60 IVQ@0.90: acc=0.087 n=80 hw=0.066 (57s)
[20:40:17] A K=10 N=80 FVQ: acc=1.000 n=40 hw=0.061 (41s)
[20:41:08] A K=10 N=80 CVQ: acc=0.960 n=50 hw=0.069 (51s)
[20:42:49] A K=10 N=80 IVQ@0.10: acc=0.340 n=100 hw=0.091 (102s)
[20:43:31] A K=10 N=80 IVQ@0.25: acc=0.000 n=40 hw=0.061 (42s)
[20:44:12] A K=10 N=80 IVQ@0.50: acc=0.000 n=40 hw=0.061 (41s)
[20:44:54] A K=10 N=80 IVQ@0.75: acc=0.000 n=40 hw=0.061 (42s)
[20:45:44] A K=10 N=80 IVQ@0.90: acc=0.040 n=50 hw=0.069 (50s)
[20:46:39] A K=10 N=100 FVQ: acc=1.000 n=40 hw=0.061 (54s)
[20:47:35] A K=10 N=100 CVQ: acc=1.000 n=40 hw=0.061 (56s)
[20:49:54] A K=10 N=100 IVQ@0.10: acc=0.250 n=100 hw=0.084 (139s)
[20:50:49] A K=10 N=100 IVQ@0.25: acc=0.000 n=40 hw=0.061 (55s)
[20:51:44] A K=10 N=100 IVQ@0.50: acc=0.000 n=40 hw=0.061 (55s)
[20:52:52] A K=10 N=100 IVQ@0.75: acc=0.020 n=50 hw=0.061 (67s)
[20:54:42] A K=10 N=100 IVQ@0.90: acc=0.087 n=80 hw=0.066 (111s)
[20:54:51] B K=10 N=20 FVQ: acc=1.000 n=40 hw=0.061 (9s)
[20:55:02] B K=10 N=20 CVQ: acc=0.960 n=50 hw=0.069 (11s)
[20:55:11] B K=10 N=20 IVQ@0.10: acc=1.000 n=40 hw=0.061 (9s)
[20:55:33] B K=10 N=20 IVQ@0.25: acc=0.790 n=100 hw=0.080 (22s)
[20:55:54] B K=10 N=20 IVQ@0.50: acc=0.440 n=100 hw=0.096 (22s)
[20:56:16] B K=10 N=20 IVQ@0.75: acc=0.200 n=100 hw=0.078 (22s)
[20:56:38] B K=10 N=20 IVQ@0.90: acc=0.350 n=100 hw=0.092 (22s)
[20:56:55] B K=20 N=20 FVQ: acc=1.000 n=40 hw=0.061 (18s)
[20:57:18] B K=20 N=20 CVQ: acc=0.980 n=50 hw=0.061 (22s)
[20:57:36] B K=20 N=20 IVQ@0.10: acc=1.000 n=40 hw=0.061 (18s)
[20:58:20] B K=20 N=20 IVQ@0.25: acc=0.650 n=100 hw=0.092 (45s)
[20:59:05] B K=20 N=20 IVQ@0.50: acc=0.180 n=100 hw=0.076 (45s)
[20:59:36] B K=20 N=20 IVQ@0.75: acc=0.057 n=70 hw=0.062 (31s)
[21:00:20] B K=20 N=20 IVQ@0.90: acc=0.230 n=100 hw=0.082 (44s)
[21:00:48] B K=30 N=20 FVQ: acc=1.000 n=40 hw=0.061 (28s)
[21:01:24] B K=30 N=20 CVQ: acc=0.980 n=50 hw=0.061 (35s)
[21:01:59] B K=30 N=20 IVQ@0.10: acc=0.980 n=50 hw=0.061 (35s)
[21:03:10] B K=30 N=20 IVQ@0.25: acc=0.620 n=100 hw=0.094 (71s)
[21:03:59] B K=30 N=20 IVQ@0.50: acc=0.071 n=70 hw=0.066 (49s)
[21:04:34] B K=30 N=20 IVQ@0.75: acc=0.020 n=50 hw=0.061 (35s)
[21:05:44] B K=30 N=20 IVQ@0.90: acc=0.160 n=100 hw=0.073 (70s)
[21:06:24] B K=40 N=20 FVQ: acc=1.000 n=40 hw=0.061 (40s)
[21:07:24] B K=40 N=20 CVQ: acc=0.950 n=60 hw=0.065 (60s)
[21:08:04] B K=40 N=20 IVQ@0.10: acc=1.000 n=40 hw=0.061 (40s)
[21:09:43] B K=40 N=20 IVQ@0.25: acc=0.520 n=100 hw=0.096 (100s)
[21:10:33] B K=40 N=20 IVQ@0.50: acc=0.040 n=50 hw=0.069 (50s)
[21:11:23] B K=40 N=20 IVQ@0.75: acc=0.040 n=50 hw=0.069 (50s)
[21:13:02] B K=40 N=20 IVQ@0.90: acc=0.250 n=100 hw=0.084 (99s)
[21:13:39] B K=46 N=20 FVQ: acc=1.000 n=40 hw=0.061 (37s)
[21:14:27] B K=46 N=20 CVQ: acc=0.960 n=50 hw=0.069 (47s)
[21:15:14] B K=46 N=20 IVQ@0.10: acc=0.960 n=50 hw=0.069 (47s)
[21:16:52] B K=46 N=20 IVQ@0.25: acc=0.600 n=100 hw=0.094 (98s)
[21:17:32] B K=46 N=20 IVQ@0.50: acc=0.000 n=40 hw=0.061 (40s)
[21:18:13] B K=46 N=20 IVQ@0.75: acc=0.000 n=40 hw=0.061 (41s)
[21:19:50] B K=46 N=20 IVQ@0.90: acc=0.250 n=100 hw=0.084 (97s)
[21:19:50] E1 done.
