++ date
+ echo '=== ABL BOOTSTRAP START Wed Jul 15 06:58:18 PM UTC 2026 ==='
=== ABL BOOTSTRAP START Wed Jul 15 06:58:18 PM UTC 2026 ===
+ GEMMA=google/gemma-3-4b-it
+ OUT=/content/abl_out
+ ADAPTER=/content/repo/lora_intervention/checkpoints/gemma_adapter
+ mkdir -p /content/abl_out
+ pip -q install transformers==4.56.2 'peft>=0.19.1' 'huggingface_hub>=0.34.0' hf_transfer accelerate
+ tail -2
ERROR: pip's dependency resolver does not currently take into account all the packages that are installed. This behaviour is the source of the following dependency conflicts.
gradio 6.19.0 requires huggingface-hub<2.0,>=1.2.0, but you have huggingface-hub 0.36.2 which is incompatible.
+ pip -q install --no-deps --upgrade 'torchao>=0.16.0'
+ tail -1
   ━━━━━━━━━━━━━━━━━━━━━━━━━━━━━━━━━━━━━━━━ 3.2/3.2 MB 105.5 MB/s eta 0:00:00
+ cd /content
+ rm -rf repo
+ git clone -q --branch aaai-prep --depth 1 https://github.com/kanak8278/transformer-memory-interference.git repo
+ cd /content/repo
+ git rev-parse --short HEAD
903c572
+ python3 -
DL_DONE
++ date
+ echo '=== RUN ablation @ Wed Jul 15 06:59:22 PM UTC 2026 ==='
=== RUN ablation @ Wed Jul 15 06:59:22 PM UTC 2026 ===
+ python3 lora_intervention/experiments/hf_ablation_stage3_gemma.py --base-model google/gemma-3-4b-it --adapter /content/repo/lora_intervention/checkpoints/gemma_adapter --out-dir /content/abl_out
[18:59:26] Stage-3C ablation re-run (HF hooks). heads=['L23H3', 'L23H1', 'L23H0', 'L23H6', 'L23H7', 'L17H5', 'L17H0', 'L29H4'] trials=200 cells=[(2, 30), (10, 50)]
[18:59:26] loading base...
2026-07-15 18:59:38.445187: I tensorflow/core/util/port.cc:153] oneDNN custom operations are on. You may see slightly different numerical results due to floating-point round-off errors from different computation orders. To turn them off, set the environment variable `TF_ENABLE_ONEDNN_OPTS=0`.
2026-07-15 18:59:38.530098: I tensorflow/core/platform/cpu_feature_guard.cc:210] This TensorFlow binary is optimized to use available CPU instructions in performance-critical operations.
To enable the following instructions: AVX2 AVX512F AVX512_VNNI FMA, in other operations, rebuild TensorFlow with the appropriate compiler flags.
/usr/local/lib/python3.12/dist-packages/google/api_core/_python_package_support.py:185: FutureWarning: DEPRECATION: Package google.api_core depends on google.protobuf, currently installed at version 0.0.0. Future updates to google.api_core will require google.protobuf at version 4.25.8 or higher (we recommend {recommended_version}). Please ensure that either (a) your Python environment doesn't pin the version of google.protobuf, so that updates to google.api_core can require the higher version, or (b) you manually update your Python environment to use at least version 4.25.8 of google.protobuf.
  warnings.warn(
Failed to load /usr/local/lib/python3.12/dist-packages/torchao/_C_cutlass_90a.abi3.so: Could not load this library: /usr/local/lib/python3.12/dist-packages/torchao/_C_cutlass_90a.abi3.so
Failed to load /usr/local/lib/python3.12/dist-packages/torchao/_C_mxfp8.cpython-310-x86_64-linux-gnu.so: Could not load this library: /usr/local/lib/python3.12/dist-packages/torchao/_C_mxfp8.cpython-310-x86_64-linux-gnu.so
`torch_dtype` is deprecated! Use `dtype` instead!
Loading checkpoint shards:   0%|          | 0/2 [00:00<?, ?it/s]Loading checkpoint shards:  50%|█████     | 1/2 [00:01<00:01,  1.20s/it]Loading checkpoint shards: 100%|██████████| 2/2 [00:02<00:00,  1.14s/it]Loading checkpoint shards: 100%|██████████| 2/2 [00:02<00:00,  1.15s/it]
[18:59:49] base loaded. head_dim=256, final_norm=Gemma3RMSNorm
The following generation flags are not valid and may be ignored: ['top_p', 'top_k']. Set `TRANSFORMERS_VERBOSITY=info` for more details.
[19:02:06] K2N30 base: L32 delta=-0.373 (normal=0.604 ablated=0.231) n=200 (137s) | base precheck FVQ=0.98 CVQ=0.63
[19:08:51] K10N50 base: L32 delta=-0.096 (normal=0.115 ablated=0.019) n=200 (404s) | base precheck FVQ=0.93 CVQ=0.25
[19:08:51] loading lora...
Loading checkpoint shards:   0%|          | 0/2 [00:00<?, ?it/s]Loading checkpoint shards:  50%|█████     | 1/2 [00:01<00:01,  1.34s/it]Loading checkpoint shards: 100%|██████████| 2/2 [00:02<00:00,  1.27s/it]Loading checkpoint shards: 100%|██████████| 2/2 [00:02<00:00,  1.28s/it]
[19:08:58] lora loaded. head_dim=256, final_norm=Gemma3RMSNorm
[19:10:48] K2N30 lora: L32 delta=-0.801 (normal=0.964 ablated=0.164) n=200 (110s)
[19:16:06] K10N50 lora: L32 delta=-0.871 (normal=0.934 ablated=0.064) n=200 (318s)
[19:16:07] DONE
++ date
+ echo '=== EXIT 0 @ Wed Jul 15 07:16:11 PM UTC 2026 ==='
=== EXIT 0 @ Wed Jul 15 07:16:11 PM UTC 2026 ===
+ echo ABL_DONE
ABL_DONE
+ touch /content/abl_out/ALL_DONE

