device: mps, tag: gpt2_scratch_run1, accum_steps: 4 (effective batch 32)
model params: 85,881,600
step 25/3000 lr=1.25e-04 loss=2.1605 elapsed=21.6s
step 50/3000 lr=2.50e-04 loss=1.2912 elapsed=45.4s
step 75/3000 lr=3.00e-04 loss=1.2037 elapsed=77.0s
step 100/3000 lr=3.00e-04 loss=1.2064 elapsed=116.9s
step 125/3000 lr=3.00e-04 loss=1.1711 elapsed=152.4s
step 150/3000 lr=3.00e-04 loss=1.1769 elapsed=181.3s
step 175/3000 lr=3.00e-04 loss=1.1518 elapsed=213.7s
step 200/3000 lr=3.00e-04 loss=1.1565 elapsed=246.4s
step 225/3000 lr=3.00e-04 loss=1.1800 elapsed=281.8s
step 250/3000 lr=3.00e-04 loss=1.1523 elapsed=314.0s
  [val@250] overall_acc=0.1479 by_role={'first': 0.21, 'last': 0.1361111111111111, 'intermediate': 0.13424242424242425}
  new best val_acc=0.1479
step 275/3000 lr=3.00e-04 loss=1.1438 elapsed=516.5s
step 300/3000 lr=3.00e-04 loss=1.1709 elapsed=551.5s
step 325/3000 lr=3.00e-04 loss=1.1636 elapsed=588.4s
step 350/3000 lr=3.00e-04 loss=1.1771 elapsed=623.0s
step 375/3000 lr=3.00e-04 loss=1.1645 elapsed=655.6s
step 400/3000 lr=3.00e-04 loss=1.1747 elapsed=690.8s
step 425/3000 lr=3.00e-04 loss=1.1691 elapsed=725.7s
step 450/3000 lr=3.00e-04 loss=1.1610 elapsed=758.1s
step 475/3000 lr=3.00e-04 loss=1.1588 elapsed=792.4s
step 500/3000 lr=3.00e-04 loss=1.1564 elapsed=827.6s
  [val@500] overall_acc=0.1144 by_role={'first': 0.12666666666666668, 'last': 0.12611111111111112, 'intermediate': 0.10787878787878788}
step 525/3000 lr=3.00e-04 loss=1.1534 elapsed=1131.2s
step 550/3000 lr=3.00e-04 loss=1.2025 elapsed=1170.6s
step 575/3000 lr=3.00e-04 loss=1.2307 elapsed=1204.7s
step 600/3000 lr=3.00e-04 loss=1.1843 elapsed=1248.2s
step 625/3000 lr=3.00e-04 loss=1.1729 elapsed=1287.2s
step 650/3000 lr=3.00e-04 loss=1.1480 elapsed=1328.3s
step 675/3000 lr=3.00e-04 loss=1.1450 elapsed=1365.9s
step 700/3000 lr=3.00e-04 loss=1.1235 elapsed=1407.1s
step 725/3000 lr=3.00e-04 loss=1.1341 elapsed=1439.2s
step 750/3000 lr=3.00e-04 loss=1.1322 elapsed=1477.1s
  [val@750] overall_acc=0.1398 by_role={'first': 0.2311111111111111, 'last': 0.13333333333333333, 'intermediate': 0.11666666666666667}
step 775/3000 lr=3.00e-04 loss=1.1380 elapsed=1772.1s
step 800/3000 lr=3.00e-04 loss=1.1462 elapsed=1818.7s
step 825/3000 lr=3.00e-04 loss=1.1427 elapsed=1858.2s
step 850/3000 lr=3.00e-04 loss=1.1305 elapsed=1897.3s
step 875/3000 lr=3.00e-04 loss=1.1487 elapsed=1933.5s
step 900/3000 lr=3.00e-04 loss=1.1488 elapsed=1967.3s
step 925/3000 lr=3.00e-04 loss=1.1465 elapsed=2013.6s
step 950/3000 lr=3.00e-04 loss=1.1252 elapsed=2051.6s
step 975/3000 lr=3.00e-04 loss=1.1281 elapsed=2088.7s
step 1000/3000 lr=3.00e-04 loss=1.1523 elapsed=2131.8s
  [val@1000] overall_acc=0.1397 by_role={'first': 0.20277777777777778, 'last': 0.145, 'intermediate': 0.12106060606060606}
step 1025/3000 lr=3.00e-04 loss=1.1199 elapsed=2470.6s
step 1050/3000 lr=3.00e-04 loss=1.1355 elapsed=2516.5s
step 1075/3000 lr=3.00e-04 loss=1.1502 elapsed=2555.4s
step 1100/3000 lr=3.00e-04 loss=1.1304 elapsed=2591.8s
step 1125/3000 lr=3.00e-04 loss=1.1266 elapsed=2629.8s
step 1150/3000 lr=3.00e-04 loss=1.1372 elapsed=2672.5s
step 1175/3000 lr=3.00e-04 loss=1.1250 elapsed=2709.7s
step 1200/3000 lr=3.00e-04 loss=1.1220 elapsed=2747.0s
step 1225/3000 lr=3.00e-04 loss=1.1427 elapsed=2785.5s
step 1250/3000 lr=3.00e-04 loss=1.1455 elapsed=2819.8s
  [val@1250] overall_acc=0.1458 by_role={'first': 0.22666666666666666, 'last': 0.14555555555555555, 'intermediate': 0.1237878787878788}
step 1275/3000 lr=3.00e-04 loss=1.1167 elapsed=3212.3s
step 1300/3000 lr=3.00e-04 loss=1.1162 elapsed=3244.4s
step 1325/3000 lr=3.00e-04 loss=1.1400 elapsed=3281.2s
step 1350/3000 lr=3.00e-04 loss=1.1215 elapsed=3315.4s
step 1375/3000 lr=3.00e-04 loss=1.1299 elapsed=3353.6s
step 1400/3000 lr=3.00e-04 loss=1.1271 elapsed=3385.1s
step 1425/3000 lr=3.00e-04 loss=1.1221 elapsed=3416.2s
step 1450/3000 lr=3.00e-04 loss=1.1372 elapsed=3451.3s
step 1475/3000 lr=3.00e-04 loss=1.1381 elapsed=3486.8s
step 1500/3000 lr=3.00e-04 loss=1.1386 elapsed=3521.5s
  [val@1500] overall_acc=0.1395 by_role={'first': 0.20555555555555555, 'last': 0.14222222222222222, 'intermediate': 0.12075757575757576}
step 1525/3000 lr=3.00e-04 loss=1.1366 elapsed=3921.8s
step 1550/3000 lr=3.00e-04 loss=1.1406 elapsed=3955.2s
step 1575/3000 lr=3.00e-04 loss=1.1353 elapsed=3990.2s
step 1600/3000 lr=3.00e-04 loss=1.1211 elapsed=4021.5s
step 1625/3000 lr=3.00e-04 loss=1.1336 elapsed=4057.9s
step 1650/3000 lr=3.00e-04 loss=1.1228 elapsed=4089.0s
step 1675/3000 lr=3.00e-04 loss=1.1315 elapsed=4124.6s
step 1700/3000 lr=3.00e-04 loss=1.1176 elapsed=4155.5s
step 1725/3000 lr=3.00e-04 loss=1.1267 elapsed=4192.9s
step 1750/3000 lr=3.00e-04 loss=1.1260 elapsed=4228.0s
  [val@1750] overall_acc=0.1449 by_role={'first': 0.2338888888888889, 'last': 0.14444444444444443, 'intermediate': 0.12075757575757576}
step 1775/3000 lr=3.00e-04 loss=1.1306 elapsed=4480.8s
step 1800/3000 lr=3.00e-04 loss=1.1263 elapsed=4517.7s
step 1825/3000 lr=3.00e-04 loss=1.1204 elapsed=4553.7s
step 1850/3000 lr=3.00e-04 loss=1.1302 elapsed=4589.8s
step 1875/3000 lr=3.00e-04 loss=1.1620 elapsed=4628.1s
step 1900/3000 lr=3.00e-04 loss=1.1202 elapsed=4659.6s
step 1925/3000 lr=3.00e-04 loss=1.1162 elapsed=4694.5s
step 1950/3000 lr=3.00e-04 loss=1.1341 elapsed=4728.8s
step 1975/3000 lr=3.00e-04 loss=1.1181 elapsed=4770.1s
step 2000/3000 lr=3.00e-04 loss=1.1022 elapsed=4806.9s
  [val@2000] overall_acc=0.1500 by_role={'first': 0.2427777777777778, 'last': 0.15777777777777777, 'intermediate': 0.12257575757575757}
  new best val_acc=0.1500
step 2025/3000 lr=3.00e-04 loss=1.1297 elapsed=5125.7s
step 2050/3000 lr=3.00e-04 loss=1.1232 elapsed=5174.2s
step 2075/3000 lr=3.00e-04 loss=1.1198 elapsed=5213.0s
step 2100/3000 lr=3.00e-04 loss=1.1384 elapsed=5254.1s
step 2125/3000 lr=3.00e-04 loss=1.1254 elapsed=5292.9s
step 2150/3000 lr=3.00e-04 loss=1.1174 elapsed=5325.7s
step 2175/3000 lr=3.00e-04 loss=1.1425 elapsed=5361.2s
step 2200/3000 lr=3.00e-04 loss=1.1296 elapsed=5400.8s
step 2225/3000 lr=3.00e-04 loss=1.1108 elapsed=5438.8s
step 2250/3000 lr=3.00e-04 loss=1.1355 elapsed=5476.8s
  [val@2250] overall_acc=0.1429 by_role={'first': 0.21166666666666667, 'last': 0.13833333333333334, 'intermediate': 0.12545454545454546}
step 2275/3000 lr=3.00e-04 loss=1.1181 elapsed=5732.5s
step 2300/3000 lr=3.00e-04 loss=1.1027 elapsed=5769.4s
step 2325/3000 lr=3.00e-04 loss=1.1589 elapsed=5804.6s
step 2350/3000 lr=3.00e-04 loss=1.1189 elapsed=5835.3s
step 2375/3000 lr=3.00e-04 loss=1.1055 elapsed=5867.5s
step 2400/3000 lr=3.00e-04 loss=1.1357 elapsed=5899.9s
step 2425/3000 lr=3.00e-04 loss=1.1406 elapsed=5936.8s
step 2450/3000 lr=3.00e-04 loss=1.1215 elapsed=5967.6s
step 2475/3000 lr=3.00e-04 loss=1.1408 elapsed=5999.7s
step 2500/3000 lr=3.00e-04 loss=1.1284 elapsed=6033.6s
  [val@2500] overall_acc=0.1499 by_role={'first': 0.24166666666666667, 'last': 0.13777777777777778, 'intermediate': 0.12818181818181817}
step 2525/3000 lr=3.00e-04 loss=1.1357 elapsed=6271.5s
step 2550/3000 lr=3.00e-04 loss=1.1150 elapsed=6306.1s
step 2575/3000 lr=3.00e-04 loss=1.1321 elapsed=6345.5s
step 2600/3000 lr=3.00e-04 loss=1.1273 elapsed=6377.2s
step 2625/3000 lr=3.00e-04 loss=1.0871 elapsed=6405.4s
step 2650/3000 lr=3.00e-04 loss=1.1086 elapsed=6438.1s
step 2675/3000 lr=3.00e-04 loss=1.1206 elapsed=6475.6s
step 2700/3000 lr=3.00e-04 loss=1.1304 elapsed=6513.6s
step 2725/3000 lr=2.95e-04 loss=1.1219 elapsed=6548.1s
step 2750/3000 lr=2.82e-04 loss=1.1196 elapsed=6576.7s
  [val@2750] overall_acc=0.1483 by_role={'first': 0.23722222222222222, 'last': 0.14722222222222223, 'intermediate': 0.12439393939393939}
step 2775/3000 lr=2.60e-04 loss=1.1182 elapsed=6846.5s
step 2800/3000 lr=2.32e-04 loss=1.1262 elapsed=6885.8s
step 2825/3000 lr=2.00e-04 loss=1.1134 elapsed=6921.3s
step 2850/3000 lr=1.65e-04 loss=1.1241 elapsed=6956.3s
step 2875/3000 lr=1.30e-04 loss=1.0935 elapsed=6995.0s
step 2900/3000 lr=9.75e-05 loss=1.1043 elapsed=7032.2s
step 2925/3000 lr=6.95e-05 loss=1.1034 elapsed=7070.0s
step 2950/3000 lr=4.81e-05 loss=1.1297 elapsed=7105.9s
step 2975/3000 lr=3.46e-05 loss=1.1131 elapsed=7145.1s
step 3000/3000 lr=3.00e-05 loss=1.1087 elapsed=7178.5s
  [val@3000] overall_acc=0.1540 by_role={'first': 0.2772222222222222, 'last': 0.13666666666666666, 'intermediate': 0.12515151515151515}
  new best val_acc=0.1540
training complete.
