
==============================================================================
FIX 4a -- CORRECTNESS probe (AUC), iso-accuracy binned  [chance = 0.50]
At a matched behavioral accuracy, is correctness more decodable in one state?
==============================================================================
beh-acc band      base AUC (n)     lora AUC (n)
0.0-0.2            0.68  (104)       0.69  (35)
0.2-0.4             0.72  (39)       0.63  (32)
0.4-0.6             0.74  (17)       0.65  (12)
0.6-0.8              0.82  (3)        0.65  (6)
0.8-1.0              0.82  (2)       0.76  (48)

==============================================================================
FIX 4b -- RETRIEVAL probe [all] (AUC), iso-accuracy binned  [chance = 0.50]
Correctness-INDEPENDENT: is the answer value represented, at matched accuracy?
==============================================================================
beh-acc band      base AUC (n)     lora AUC (n)
0.0-0.2            0.56  (156)       0.65  (73)
0.2-0.4             0.66  (39)       0.88  (32)
0.4-0.6             0.73  (17)       0.95  (12)
0.6-0.8              0.85  (3)        0.96  (6)
0.8-1.0              0.94  (2)       1.00  (94)

==============================================================================
FIX 3 -- 'TRACKED BUT SUPPRESSED': retrieval AUC on WRONG-answer trials
Correct value decodable despite the model emitting a wrong answer (n_wrong>=30).
==============================================================================
state cell    cond       beh n_wrong retr[wrong]  @L corr_auc
lora  15k15u  IVQ_d50     48      47        0.99  33     0.57
lora  25k15u  IVQ_d25     85      41        0.99  34     0.58
lora  15k75u  CVQ         89      40        0.97  34     0.75
lora  15k30u  IVQ_d10     89      41        0.96  35     0.78
lora  20k75u  CVQ         88      40        0.96  34     0.72
lora  25k20u  IVQ_d25     56      40        0.96  35     0.73
lora  7k30u   IVQ_d25     52      43        0.95  35     0.58
lora  25k50u  CVQ         89      40        0.95  35     0.77
lora  5k10u   IVQ_d50     90      40        0.95  34     0.64
lora  7k50u   IVQ_d10     40      60        0.95  35     0.71
lora  25k10u  IVQ_d50     67      43        0.94  35     0.63
lora  15k15u  IVQ_d25     91      37        0.94  33     0.66
lora  10k75u  IVQ_d10     44      50        0.94  33     0.64
lora  20k15u  IVQ_d25     87      40        0.93  33     0.66
lora  25k30u  IVQ_d10     86      40        0.93  35     0.79
lora  5k10u   IVQ_d75     81      41        0.93  34     0.58
lora  10k50u  IVQ_d10     30      98        0.93  35     0.74
lora  15k30u  IVQ_d25     42      58        0.93  35     0.66
lora  15k50u  IVQ_d10     49      46        0.93  33     0.69
lora  7k75u   IVQ_d10     36      70        0.93  33     0.60
lora  20k30u  IVQ_d10     91      36        0.93  35     0.66
lora  15k75u  IVQ_d10     29     100        0.92  33     0.65
lora  15k20u  IVQ_d25     64      40        0.92  35     0.68
lora  30k30u  IVQ_d10     81      41        0.92  35     0.74
lora  5k10u   IVQ_d90     67      40        0.92  35     0.66
lora  30k20u  IVQ_d25     63      41        0.92  33     0.59
lora  20k75u  IVQ_d10     22     148        0.91  34     0.62
lora  7k50u   IVQ_d25     20     167        0.91  34     0.68
lora  20k50u  IVQ_d10     33      87        0.91  35     0.72
lora  30k15u  IVQ_d25     78      41        0.91  33     0.60
lora  10k30u  IVQ_d25     44      56        0.91  33     0.59
lora  20k20u  IVQ_d90     29     107        0.90  34     0.56
lora  30k50u  IVQ_d10     41      59        0.90  34     0.66
lora  10k20u  IVQ_d25     81      43        0.90  33     0.65
lora  30k20u  IVQ_d90     22     149        0.89  34     0.63
lora  20k30u  IVQ_d25     36      70        0.89  34     0.65
lora  20k20u  IVQ_d25     70      42        0.89  35     0.72
lora  15k20u  IVQ_d90     35      78        0.89  34     0.73
lora  30k50u  CVQ         88      41        0.88  35     0.78
lora  20k30u  IVQ_d90     13     269        0.88  34     0.56
lora  25k20u  IVQ_d90     19     179        0.88  33     0.54
lora  10k20u  IVQ_d50     40      60        0.88  33     0.68
lora  25k50u  IVQ_d10     32      88        0.88  34     0.73
lora  10k20u  IVQ_d90     27     109        0.87  34     0.61
lora  25k15u  IVQ_d50     37      69        0.87  33     0.49
lora  30k10u  IVQ_d50     57      43        0.86  35     0.60
lora  30k10u  IVQ_d75     34      86        0.86  35     0.53
lora  25k75u  CVQ         83      40        0.86  34     0.83
lora  20k15u  IVQ_d50     42      58        0.86  34     0.64
lora  30k75u  CVQ         83      40        0.85  35     0.80
lora  30k15u  IVQ_d50     27     110        0.85  35     0.57
lora  25k10u  IVQ_d90     29      99        0.84  33     0.68
lora  25k30u  IVQ_d90     14     250        0.84  33     0.63
lora  15k15u  IVQ_d75     31      96        0.83  34     0.61
lora  15k30u  IVQ_d90     16     219        0.82  35     0.57
lora  20k15u  IVQ_d90     29     100        0.82  33     0.59
lora  10k30u  IVQ_d90     20     159        0.82  35     0.62
lora  25k30u  IVQ_d25     38      68        0.82  33     0.64
lora  25k15u  IVQ_d90     33      80        0.82  33     0.60
lora  10k50u  IVQ_d90      8     370        0.81  33     0.62
lora  15k15u  IVQ_d90     23     138        0.80  34     0.60
lora  30k10u  IVQ_d90     24     130        0.80  35     0.68
base  30k50u  CVQ         37      69        0.79  34     0.70
lora  20k15u  IVQ_d75     32      89        0.79  34     0.64
lora  30k15u  IVQ_d75     32      89        0.79  35     0.61
lora  15k20u  IVQ_d50     33      87        0.79  33     0.54
lora  25k10u  IVQ_d75     34      79        0.79  35     0.59
base  5k10u   FVQ         81      40        0.78  33     0.80
lora  30k30u  IVQ_d90     15     220        0.78  35     0.63
lora  25k15u  IVQ_d75     31      90        0.78  33     0.65
lora  30k15u  IVQ_d90     35      78        0.78  34     0.67
lora  7k50u   IVQ_d90     13     287        0.78  35     0.64
lora  30k30u  IVQ_d25     24     130        0.78  34     0.61
lora  15k50u  IVQ_d90      6     374        0.77  35     0.73
lora  25k50u  IVQ_d90      4     383        0.76  35     0.83
lora  10k20u  IVQ_d75     26     119        0.76  35     0.63
lora  20k20u  IVQ_d75     11     340        0.76  35     0.67
lora  25k75u  FVQ         87      40        0.76  35     0.90
lora  30k75u  IVQ_d90      2     394        0.75  35     0.72
lora  20k20u  IVQ_d50     15     230        0.75  33     0.66
lora  7k30u   IVQ_d90     17     190        0.74  33     0.50
base  20k75u  CVQ         46      49        0.74  34     0.73
lora  15k20u  IVQ_d75     22     149        0.74  34     0.57
lora  7k75u   IVQ_d90     11     349        0.74  35     0.71
base  10k20u  FVQ         64      43        0.74  35     0.80
lora  10k50u  IVQ_d25     12     299        0.73  33     0.63
lora  10k75u  IVQ_d90      3     388        0.73  35     0.77
base  15k75u  CVQ         39      67        0.72   0     0.57
lora  20k50u  IVQ_d90      4     382        0.72  35     0.70
base  10k75u  CVQ         31      90        0.72  34     0.70
lora  20k75u  IVQ_d90      2     392        0.72  35     0.65
base  30k75u  CVQ         33      87        0.71  35     0.71
lora  7k30u   IVQ_d50     19     170        0.71  34     0.63
base  15k15u  FVQ         43      57        0.71  27     0.76
lora  7k30u   IVQ_d75      9     365        0.71  35     0.57
lora  25k75u  IVQ_d10     17     208        0.70  34     0.65
lora  25k75u  IVQ_d90      2     393        0.70  34     0.84
lora  30k50u  IVQ_d90      6     375        0.70  35     0.72
lora  15k75u  IVQ_d90      2     390        0.70  35     0.67
base  30k15u  CVQ         31      90        0.70  31     0.69
base  30k50u  IVQ_d90      4     385        0.69  35     0.66
base  30k30u  CVQ         40      60        0.69  34     0.76
base  7k75u   FVQ         50      40        0.68   5     0.88
base  20k75u  IVQ_d50      0      60        0.68  33       --
lora  30k75u  FVQ         83      42        0.68  34     0.88
base  2k5u    FVQ         86      40        0.68  21     0.85
lora  30k20u  IVQ_d75      5     379        0.68  35     0.72
base  15k50u  CVQ         29     107        0.68  33     0.74
lora  25k30u  IVQ_d50      0      60        0.68  17       --
base  25k50u  IVQ_d90      6     374        0.67  33     0.67
lora  10k30u  IVQ_d75      2     392        0.67  35     0.91
base  25k75u  IVQ_d25      0      60        0.67  34       --
lora  7k50u   IVQ_d75      0      60        0.66  32       --
lora  15k50u  IVQ_d25      8     368        0.66  35     0.57
lora  10k75u  IVQ_d50      0      60        0.66  31       --
base  30k10u  FVQ         46      49        0.66  35     0.72
base  10k75u  IVQ_d25      0      60        0.65   6       --
lora  30k50u  IVQ_d25      0      60        0.65   7       --
lora  10k30u  IVQ_d50      4     386        0.65  35     0.61
base  20k15u  CVQ         24     129        0.65  32     0.79
base  20k50u  CVQ         44      50        0.65  11     0.66
lora  25k20u  IVQ_d75      5     381        0.65  34     0.77
base  25k75u  IVQ_d90      4     384        0.65  34     0.68
base  15k50u  IVQ_d25      0      60        0.65  10       --
base  15k30u  CVQ         40      60        0.65   7     0.62
base  30k30u  IVQ_d25      0      60        0.64  22       --
base  15k50u  IVQ_d75      0      60        0.64  26       --
lora  25k30u  IVQ_d75      0      60        0.64  30       --
base  30k30u  IVQ_d50      0      60        0.64  33       --
base  30k75u  IVQ_d75      0      60        0.64  10       --
base  25k30u  CVQ         32      89        0.64  33     0.65
lora  15k75u  IVQ_d50      0      60        0.63  26       --
base  25k50u  IVQ_d10      0      60        0.63  28       --
lora  10k75u  IVQ_d25      0      60        0.63  15       --
lora  20k50u  IVQ_d50      0      60        0.63  32       --
base  7k75u   CVQ         28     108        0.63  35     0.57
base  2k5u    IVQ_d10     66      41        0.63  35     0.77
lora  30k20u  IVQ_d50     10     358        0.63  35     0.70
base  7k75u   IVQ_d75      0      60        0.63   6       --
lora  7k50u   IVQ_d50      0      60        0.63  31       --
base  25k75u  IVQ_d10      0      60        0.62   2       --
base  20k75u  IVQ_d90      2     391        0.62  33     0.71
base  20k50u  IVQ_d75      0      60        0.62  17       --
base  15k20u  FVQ         50      40        0.62  22     0.82
base  2k5u    IVQ_d90     25     120        0.62  12     0.63
lora  7k75u   IVQ_d50      0      60        0.62  32       --
base  30k20u  CVQ         34      79        0.62  33     0.72
base  20k50u  IVQ_d25      0      60        0.62   4       --
base  10k30u  FVQ         48      47        0.61  26     0.78
base  7k30u   FVQ         62      42        0.61  33     0.88
base  7k75u   IVQ_d50      0      60        0.61  19       --
base  10k20u  IVQ_d75      0      60        0.61  27       --
base  25k20u  CVQ         39      73        0.61  35     0.73
base  20k30u  IVQ_d75      0      60        0.61  31       --
lora  15k30u  IVQ_d50      0      60        0.61   5       --
lora  25k20u  IVQ_d50      0      60        0.61  35       --
base  25k75u  CVQ         25     120        0.61  33     0.59
base  30k30u  IVQ_d90     12     290        0.61  33     0.56
base  7k50u   FVQ         53      42        0.61  27     0.75
base  15k30u  IVQ_d50      0      60        0.61  26       --
base  30k75u  IVQ_d90      4     385        0.61  35     0.56
base  30k10u  CVQ         23     139        0.60  16     0.74
base  30k15u  FVQ         31      90        0.60  35     0.78
lora  20k50u  IVQ_d25      0      60        0.60  21       --
lora  30k50u  IVQ_d50      0      60        0.60  35       --
base  7k50u   CVQ         32      89        0.60  34     0.58
lora  10k75u  IVQ_d75      0      60        0.60   5       --
base  2k5u    CVQ         42      58        0.60  34     0.63
lora  30k30u  IVQ_d50      0      60        0.60  32       --
lora  25k75u  IVQ_d75      0      60        0.60  33       --
base  30k20u  IVQ_d75      7     372        0.60   3     0.58
base  7k30u   IVQ_d10     16     210        0.60  23     0.60
base  7k50u   IVQ_d10      5     379        0.59  33     0.68
base  15k75u  IVQ_d90      4     383        0.59  33     0.59
base  20k75u  IVQ_d25      0      60        0.59  12       --
base  2k5u    IVQ_d50     58      46        0.59   0     0.87
base  30k10u  IVQ_d75     11     349        0.59   5     0.60
base  30k75u  IVQ_d50      0      60        0.59   5       --
lora  20k75u  IVQ_d25      0      60        0.59  30       --
base  15k30u  IVQ_d10      5     379        0.59  21     0.64
base  20k50u  IVQ_d90      8     370        0.59  35     0.66
lora  7k75u   IVQ_d75      0      60        0.58   1       --
base  30k50u  IVQ_d75      0      60        0.58  27       --
lora  30k30u  IVQ_d75      0      60        0.58  14       --
base  25k15u  IVQ_d25      7     373        0.58  26     0.59
base  20k20u  IVQ_d90      6     375        0.58  22     0.62
lora  15k75u  IVQ_d25      0      60        0.58  30       --
base  15k75u  IVQ_d50      0      60        0.58  34       --
base  15k30u  IVQ_d25      2     394        0.58  17     0.59
base  20k75u  IVQ_d75      0     399        0.58  23       --
base  10k75u  IVQ_d50      0      60        0.58  22       --
base  25k50u  IVQ_d25      0      60        0.58  28       --
lora  25k50u  IVQ_d50      0      60        0.58  31       --
base  10k50u  FVQ         35      78        0.58  34     0.81
base  25k30u  IVQ_d90      9     364        0.58   4     0.54
base  20k15u  FVQ         40      60        0.58   4     0.73
base  10k50u  IVQ_d50      0      60        0.58  34       --
lora  30k75u  IVQ_d75      0      60        0.58  29       --
base  15k75u  IVQ_d10      0      60        0.58   6       --
base  20k30u  IVQ_d25      1     397        0.58  15     0.70
base  7k75u   IVQ_d25      0      60        0.57  32       --
base  15k20u  CVQ         23     139        0.57  12     0.63
base  30k50u  IVQ_d25      0      60        0.57  21       --
base  10k20u  IVQ_d25     11     340        0.57  34     0.57
base  25k30u  IVQ_d10      2     392        0.57  33     0.55
base  7k75u   IVQ_d90      2     391        0.57   6     0.74
base  20k50u  IVQ_d10      0     398        0.57  33     0.95
base  30k20u  IVQ_d10      1     395        0.57  35     0.76
base  25k20u  IVQ_d10      2     393        0.57  33     0.81
base  15k15u  IVQ_d50      6     377        0.57  14     0.60
base  15k15u  IVQ_d25     13     269        0.57  35     0.60
lora  10k50u  IVQ_d75      0      60        0.57  13       --
base  10k75u  IVQ_d10      0      60        0.57  32       --
base  20k50u  IVQ_d50      0      60        0.57  16       --
base  10k30u  IVQ_d10     11     340        0.56  34     0.51
base  10k75u  IVQ_d75      0      60        0.56  33       --
lora  30k75u  IVQ_d10      9     365        0.56  32     0.82
base  30k10u  IVQ_d90      9     364        0.56  28     0.58
base  10k50u  CVQ         45      55        0.56  31     0.62
lora  20k75u  IVQ_d50      0      60        0.56  30       --
base  30k75u  FVQ          9     364        0.56  27     0.90
base  25k50u  IVQ_d50      0      60        0.56  30       --
lora  15k75u  IVQ_d75      0      60        0.56  24       --
base  15k75u  IVQ_d75      0     399        0.56  31       --
lora  20k30u  IVQ_d75      0     399        0.56  35       --
base  15k75u  IVQ_d25      0      60        0.56   6       --
base  7k75u   IVQ_d10      0      60        0.56  34       --
lora  20k30u  IVQ_d50      0     398        0.56  33     0.99
base  25k30u  IVQ_d25      0      60        0.56  27       --
base  7k50u   IVQ_d50      1     396        0.56  25     0.94
base  15k15u  IVQ_d75      0      60        0.56  32       --
base  7k50u   IVQ_d90      0      60        0.56  32       --
base  5k10u   IVQ_d25     30      98        0.56  24     0.61
base  15k20u  IVQ_d90      5     380        0.56  31     0.70
base  30k50u  IVQ_d10      0      60        0.56  32       --
base  15k50u  IVQ_d90      3     388        0.56  32     0.62
base  25k10u  IVQ_d90      7     372        0.56  18     0.62
base  15k30u  IVQ_d90      8     367        0.55  26     0.68
base  15k20u  IVQ_d25      6     374        0.55  18     0.53
base  30k10u  IVQ_d25      9     364        0.55  14     0.63
base  10k20u  IVQ_d10     10     350        0.55  21     0.75
lora  25k50u  IVQ_d75      1     395        0.55  33     0.78
base  5k10u   IVQ_d90      4     384        0.55  29     0.68
lora  15k50u  IVQ_d50      0      60        0.55  11       --
base  5k10u   IVQ_d10     24     137        0.55   6     0.64
base  20k30u  IVQ_d90      7     371        0.55  34     0.69
base  10k50u  IVQ_d25      0     398        0.55  12     0.99
base  20k15u  IVQ_d75      5     380        0.55   9     0.60
base  20k15u  IVQ_d25      9     365        0.55  15     0.61
base  30k15u  IVQ_d50      6     377        0.55  33     0.50
base  30k30u  IVQ_d10      2     392        0.55  32     0.58
base  20k15u  IVQ_d10      6     377        0.55  18     0.67
lora  15k30u  IVQ_d75      0      60        0.55  33       --
base  30k15u  IVQ_d10      2     392        0.55  33     0.72
base  30k50u  FVQ          6     376        0.55  26     0.92
base  10k75u  IVQ_d90      3     388        0.55  33     0.52
base  10k30u  IVQ_d25      3     389        0.55  16     0.75
base  25k50u  FVQ         12     300        0.55   8     0.90
lora  10k50u  IVQ_d50      0      60        0.55  26       --
lora  30k75u  IVQ_d50      0      60        0.55  32       --
base  20k20u  IVQ_d10      5     380        0.55  17     0.73
base  10k30u  IVQ_d75      1     395        0.55  25     0.82
base  15k75u  FVQ         24     130        0.55  23     0.92
base  15k15u  CVQ         25     120        0.55  34     0.76
lora  7k75u   IVQ_d25      0      60        0.55  34       --
base  20k15u  IVQ_d90      7     371        0.55   5     0.72
base  25k20u  IVQ_d75      6     375        0.55  26     0.74
base  10k20u  CVQ         22     140        0.55  12     0.63
base  30k50u  IVQ_d50      0      60        0.55  35       --
base  20k15u  IVQ_d50      8     368        0.55  33     0.69
base  30k15u  IVQ_d75      8     370        0.55   2     0.64
base  25k30u  FVQ         25     120        0.55   5     0.79
base  15k50u  IVQ_d50      0     399        0.55  12       --
base  5k10u   IVQ_d50      8     366        0.54  28     0.57
base  20k30u  CVQ         33      80        0.54  34     0.64
base  7k30u   IVQ_d90      1     396        0.54   8     0.66
base  7k50u   IVQ_d25      3     389        0.54  20     0.71
base  25k10u  IVQ_d50      8     369        0.54  12     0.61
base  30k10u  IVQ_d10      8     368        0.54  30     0.63
base  10k30u  CVQ         27     109        0.54  35     0.62
base  25k15u  CVQ         24     129        0.54  34     0.83
base  20k75u  FVQ         10     361        0.54  34     0.91
base  10k50u  IVQ_d90      5     381        0.54   3     0.60
base  20k50u  FVQ         16     210        0.54  28     0.77
base  25k10u  FVQ         41      59        0.54  11     0.69
base  30k20u  FVQ         33      87        0.54   0     0.70
base  25k30u  IVQ_d75      0      60        0.54  26       --
base  30k20u  IVQ_d25      2     390        0.54  28     0.63
base  2k5u    IVQ_d75     20     169        0.54  28     0.60
base  20k20u  IVQ_d50      3     387        0.54  10     0.74
lora  20k50u  IVQ_d75      0      60        0.54  34       --
base  25k15u  IVQ_d90      9     365        0.54  24     0.60
base  30k20u  IVQ_d90      9     365        0.54   7     0.71
base  25k20u  FVQ         24     129        0.53  31     0.78
base  10k30u  IVQ_d90      0      60        0.53  35       --
base  30k20u  IVQ_d50      2     391        0.53   4     0.73
base  30k15u  IVQ_d25      4     383        0.53  27     0.66
base  7k30u   CVQ         27     110        0.53  18     0.70
base  10k20u  IVQ_d50      5     379        0.53  20     0.68
base  25k10u  IVQ_d75      7     371        0.53  32     0.69
base  30k10u  IVQ_d50     13     279        0.53  33     0.60
base  10k20u  IVQ_d90      2     390        0.53  28     0.69
base  7k30u   IVQ_d25      6     378        0.53  32     0.62
base  30k30u  IVQ_d75      1     395        0.53  30     0.67
base  20k30u  FVQ         29     107        0.53  29     0.78
base  30k75u  IVQ_d25      0      60        0.53  31       --
base  7k30u   IVQ_d50      0      60        0.53   6       --
base  20k30u  IVQ_d10      4     382        0.53   0     0.73
base  15k50u  FVQ         28     108        0.53  31     0.90
base  25k15u  IVQ_d10      8     370        0.53  33     0.70
base  5k10u   IVQ_d75      4     386        0.53  35     0.54
base  25k75u  IVQ_d75      0      60        0.53  35       --
lora  30k50u  IVQ_d75      1     397        0.53  35     0.67
base  15k20u  IVQ_d50      5     380        0.53  12     0.74
base  20k30u  IVQ_d50      2     394        0.53  31     0.76
base  15k30u  FVQ         34      79        0.53  33     0.79
base  25k30u  IVQ_d50      1     395        0.52  28     0.83
base  5k10u   CVQ         24     137        0.52  29     0.62
base  30k30u  FVQ         19     179        0.52  33     0.84
base  10k50u  IVQ_d10      4     386        0.52  18     0.72
base  25k75u  FVQ          7     372        0.52   0     0.88
base  7k30u   IVQ_d75      2     390        0.52  20     0.69
base  30k15u  IVQ_d90     12     280        0.52  34     0.65
base  10k75u  FVQ         36      77        0.52  35     0.86
base  25k10u  IVQ_d10     12     309        0.52   9     0.61
base  25k20u  IVQ_d90      7     372        0.52  34     0.69
base  10k50u  IVQ_d75      1     396        0.52   6     0.64
base  25k20u  IVQ_d25      2     393        0.52  32     0.78
base  20k20u  IVQ_d75      5     379        0.52  13     0.55
base  25k15u  IVQ_d50      5     380        0.52   2     0.63
base  15k20u  IVQ_d10      8     370        0.52  32     0.76
lora  25k50u  IVQ_d25      1     395        0.52  24     0.72
base  20k20u  CVQ         36      70        0.52  34     0.58
base  25k15u  FVQ         32      88        0.52  31     0.87
base  15k15u  IVQ_d10      9     364        0.52  22     0.59
base  25k15u  IVQ_d75      6     375        0.52  16     0.54
base  25k50u  CVQ         51      44        0.51  35     0.61
base  15k15u  IVQ_d90      3     388        0.51  18     0.78
base  15k30u  IVQ_d75      3     388        0.51  29     0.62
base  15k20u  IVQ_d75      3     388        0.51  19     0.85
base  25k75u  IVQ_d50      0      60        0.51  25       --
base  25k10u  IVQ_d25      8     369        0.51  19     0.70
base  15k50u  IVQ_d10      2     393        0.51  19     0.77
base  2k5u    IVQ_d25     53      42        0.50  31     0.92
base  20k20u  IVQ_d25      5     379        0.50  18     0.71
base  25k10u  CVQ         29     107        0.50  28     0.76
lora  15k50u  IVQ_d75      0      60        0.50  21       --
base  20k75u  IVQ_d10      0      60        0.50  33       --
base  7k50u   IVQ_d75      0      60        0.50  35       --
base  10k30u  IVQ_d50      4     385        0.50   9     0.67
base  25k50u  IVQ_d75      0      60        0.49  10       --
lora  25k75u  IVQ_d25      0      60        0.48  35       --
lora  25k75u  IVQ_d50      0      60        0.48  11       --
base  20k20u  FVQ         26     119        0.48  23     0.80
base  30k75u  IVQ_d10      0      60        0.47  23       --
lora  20k75u  IVQ_d75      0      60        0.46  33       --
lora  30k75u  IVQ_d25      0      60        0.46   3       --
base  25k20u  IVQ_d50      0      60        0.45  32       --

Saved plot: /rnd_ai_datasets1/projects/raka6003/transformer-memory-interference/lora_intervention/experiments/linear_probing/results/isoaccuracy_v3.png
Saved summary: /rnd_ai_datasets1/projects/raka6003/transformer-memory-interference/lora_intervention/experiments/linear_probing/results/isoaccuracy_v3_summary.json
