[18:20:51] E1 start. scans=['C'] cells={'C': [(15, 10), (15, 15), (15, 20), (15, 30), (15, 50), (20, 10), (20, 15), (20, 20), (20, 30), (20, 50), (25, 10), (25, 15), (25, 20), (25, 30), (25, 50), (30, 10), (30, 15), (30, 20), (30, 30), (30, 50)]} out=lora_intervention/experiments/bigcell_ivq/out/gemma
[18:20:56] Loading base (hf)...
Loading weights:   0%|          | 0/883 [00:00<?, ?it/s]Loading weights:   2%|▏         | 18/883 [00:00<00:04, 178.68it/s]Loading weights:  10%|█         | 89/883 [00:00<00:01, 488.07it/s]Loading weights:  18%|█▊        | 159/883 [00:00<00:01, 572.38it/s]Loading weights:  25%|██▌       | 225/883 [00:00<00:01, 598.54it/s]Loading weights:  33%|███▎      | 291/883 [00:00<00:00, 612.01it/s]Loading weights:  41%|████      | 364/883 [00:00<00:00, 649.67it/s]Loading weights:  49%|████▊     | 429/883 [00:00<00:00, 647.58it/s]Loading weights:  89%|████████▉ | 785/883 [00:00<00:00, 1562.27it/s]Loading weights: 100%|██████████| 883/883 [00:00<00:00, 1053.68it/s]
[18:21:34] === model=base ===
[18:21:37] C K=15 N=10 FVQ: acc=1.000 n=40 hw=0.061 (2s)
[18:21:45] C K=15 N=10 CVQ: acc=0.682 n=170 hw=0.069 (9s)
[18:21:53] C K=15 N=10 IVQ@0.10: acc=0.260 n=150 hw=0.070 (8s)
[18:21:55] C K=15 N=10 IVQ@0.50: acc=0.000 n=40 hw=0.061 (2s)
[18:21:57] C K=15 N=10 IVQ@0.90: acc=0.000 n=40 hw=0.061 (2s)
[18:22:01] C K=15 N=15 FVQ: acc=0.980 n=50 hw=0.061 (4s)
[18:22:15] C K=15 N=15 CVQ: acc=0.416 n=190 hw=0.069 (14s)
[18:22:25] C K=15 N=15 IVQ@0.10: acc=0.233 n=150 hw=0.067 (11s)
[18:22:28] C K=15 N=15 IVQ@0.50: acc=0.000 n=40 hw=0.061 (3s)
[18:22:31] C K=15 N=15 IVQ@0.90: acc=0.000 n=40 hw=0.061 (3s)
[18:22:36] C K=15 N=20 FVQ: acc=0.980 n=50 hw=0.061 (5s)
[18:22:51] C K=15 N=20 CVQ: acc=0.324 n=170 hw=0.070 (15s)
[18:23:06] C K=15 N=20 IVQ@0.10: acc=0.294 n=170 hw=0.068 (15s)
[18:23:11] C K=15 N=20 IVQ@0.50: acc=0.020 n=50 hw=0.061 (5s)
[18:23:15] C K=15 N=20 IVQ@0.90: acc=0.000 n=40 hw=0.061 (4s)
[18:23:27] C K=15 N=30 FVQ: acc=0.878 n=90 hw=0.070 (12s)
[18:23:49] C K=15 N=30 CVQ: acc=0.294 n=170 hw=0.068 (23s)
[18:23:55] C K=15 N=30 IVQ@0.10: acc=0.000 n=40 hw=0.061 (5s)
[18:24:00] C K=15 N=30 IVQ@0.50: acc=0.000 n=40 hw=0.061 (5s)
[18:24:05] C K=15 N=30 IVQ@0.90: acc=0.000 n=40 hw=0.061 (5s)
[18:24:31] C K=15 N=50 FVQ: acc=0.855 n=110 hw=0.067 (26s)
[18:24:50] C K=15 N=50 CVQ: acc=0.100 n=80 hw=0.069 (19s)
[18:24:59] C K=15 N=50 IVQ@0.10: acc=0.000 n=40 hw=0.061 (9s)
[18:25:09] C K=15 N=50 IVQ@0.50: acc=0.000 n=40 hw=0.061 (9s)
[18:25:18] C K=15 N=50 IVQ@0.90: acc=0.000 n=40 hw=0.061 (9s)
[18:25:21] C K=20 N=10 FVQ: acc=0.960 n=50 hw=0.069 (3s)
[18:25:33] C K=20 N=10 CVQ: acc=0.367 n=180 hw=0.070 (12s)
[18:25:43] C K=20 N=10 IVQ@0.10: acc=0.253 n=150 hw=0.069 (10s)
[18:25:46] C K=20 N=10 IVQ@0.50: acc=0.000 n=40 hw=0.061 (3s)
[18:25:48] C K=20 N=10 IVQ@0.90: acc=0.000 n=40 hw=0.061 (3s)
[18:25:55] C K=20 N=15 FVQ: acc=0.929 n=70 hw=0.066 (6s)
[18:26:08] C K=20 N=15 CVQ: acc=0.240 n=150 hw=0.068 (14s)
[18:26:22] C K=20 N=15 IVQ@0.10: acc=0.240 n=150 hw=0.068 (14s)
[18:26:25] C K=20 N=15 IVQ@0.50: acc=0.000 n=40 hw=0.061 (4s)
[18:26:29] C K=20 N=15 IVQ@0.90: acc=0.000 n=40 hw=0.061 (4s)
[18:26:38] C K=20 N=20 FVQ: acc=0.900 n=80 hw=0.069 (9s)
[18:26:50] C K=20 N=20 CVQ: acc=0.130 n=100 hw=0.067 (12s)
[18:27:07] C K=20 N=20 IVQ@0.10: acc=0.229 n=140 hw=0.069 (16s)
[18:27:12] C K=20 N=20 IVQ@0.50: acc=0.020 n=50 hw=0.061 (6s)
[18:27:17] C K=20 N=20 IVQ@0.90: acc=0.000 n=40 hw=0.061 (5s)
[18:27:37] C K=20 N=30 FVQ: acc=0.836 n=110 hw=0.070 (20s)
[18:28:00] C K=20 N=30 CVQ: acc=0.192 n=130 hw=0.068 (23s)
[18:28:07] C K=20 N=30 IVQ@0.10: acc=0.000 n=40 hw=0.061 (7s)
[18:28:15] C K=20 N=30 IVQ@0.50: acc=0.000 n=40 hw=0.061 (7s)
[18:28:22] C K=20 N=30 IVQ@0.90: acc=0.000 n=40 hw=0.061 (7s)
[18:28:59] C K=20 N=50 FVQ: acc=0.836 n=110 hw=0.070 (37s)
[18:29:16] C K=20 N=50 CVQ: acc=0.040 n=50 hw=0.069 (17s)
[18:29:29] C K=20 N=50 IVQ@0.10: acc=0.000 n=40 hw=0.061 (14s)
[18:29:43] C K=20 N=50 IVQ@0.50: acc=0.000 n=40 hw=0.061 (13s)
[18:29:56] C K=20 N=50 IVQ@0.90: acc=0.000 n=40 hw=0.061 (13s)
[18:30:00] C K=25 N=10 FVQ: acc=0.960 n=50 hw=0.069 (4s)
[18:30:12] C K=25 N=10 CVQ: acc=0.269 n=160 hw=0.068 (12s)
[18:30:23] C K=25 N=10 IVQ@0.10: acc=0.214 n=140 hw=0.068 (11s)
[18:30:26] C K=25 N=10 IVQ@0.50: acc=0.000 n=40 hw=0.061 (3s)
[18:30:29] C K=25 N=10 IVQ@0.90: acc=0.000 n=40 hw=0.061 (3s)
[18:30:40] C K=25 N=15 FVQ: acc=0.860 n=100 hw=0.069 (11s)
[18:30:53] C K=25 N=15 CVQ: acc=0.175 n=120 hw=0.068 (13s)
[18:31:09] C K=25 N=15 IVQ@0.10: acc=0.221 n=140 hw=0.069 (15s)
[18:31:13] C K=25 N=15 IVQ@0.50: acc=0.000 n=40 hw=0.061 (4s)
[18:31:17] C K=25 N=15 IVQ@0.90: acc=0.000 n=40 hw=0.061 (4s)
[18:31:29] C K=25 N=20 FVQ: acc=0.925 n=80 hw=0.063 (12s)
[18:31:45] C K=25 N=20 CVQ: acc=0.155 n=110 hw=0.068 (16s)
[18:32:02] C K=25 N=20 IVQ@0.10: acc=0.145 n=110 hw=0.067 (16s)
[18:32:07] C K=25 N=20 IVQ@0.50: acc=0.000 n=40 hw=0.061 (6s)
[18:32:13] C K=25 N=20 IVQ@0.90: acc=0.000 n=40 hw=0.061 (6s)
[18:32:44] C K=25 N=30 FVQ: acc=0.815 n=130 hw=0.067 (30s)
[18:33:07] C K=25 N=30 CVQ: acc=0.130 n=100 hw=0.067 (23s)
[18:33:16] C K=25 N=30 IVQ@0.10: acc=0.000 n=40 hw=0.061 (9s)
[18:33:26] C K=25 N=30 IVQ@0.50: acc=0.000 n=40 hw=0.061 (9s)
[18:33:35] C K=25 N=30 IVQ@0.90: acc=0.000 n=40 hw=0.061 (9s)
[18:34:20] C K=25 N=50 FVQ: acc=0.860 n=100 hw=0.069 (45s)
[18:35:04] C K=25 N=50 CVQ: acc=0.130 n=100 hw=0.067 (45s)
[18:35:22] C K=25 N=50 IVQ@0.10: acc=0.000 n=40 hw=0.061 (18s)
[18:35:40] C K=25 N=50 IVQ@0.50: acc=0.000 n=40 hw=0.061 (18s)
[18:35:58] C K=25 N=50 IVQ@0.90: acc=0.000 n=40 hw=0.061 (18s)
[18:36:06] C K=30 N=10 FVQ: acc=0.900 n=90 hw=0.065 (8s)
[18:36:20] C K=30 N=10 CVQ: acc=0.253 n=150 hw=0.069 (13s)
[18:36:32] C K=30 N=10 IVQ@0.10: acc=0.200 n=130 hw=0.069 (12s)
[18:36:35] C K=30 N=10 IVQ@0.50: acc=0.000 n=40 hw=0.061 (4s)
[18:36:39] C K=30 N=10 IVQ@0.90: acc=0.000 n=40 hw=0.061 (4s)
[18:36:52] C K=30 N=15 FVQ: acc=0.870 n=100 hw=0.067 (13s)
[18:37:06] C K=30 N=15 CVQ: acc=0.155 n=110 hw=0.068 (14s)
[18:37:18] C K=30 N=15 IVQ@0.10: acc=0.122 n=90 hw=0.070 (12s)
[18:37:24] C K=30 N=15 IVQ@0.50: acc=0.000 n=40 hw=0.061 (5s)
[18:37:29] C K=30 N=15 IVQ@0.90: acc=0.000 n=40 hw=0.061 (5s)
[18:37:48] C K=30 N=20 FVQ: acc=0.836 n=110 hw=0.070 (20s)
[18:38:03] C K=30 N=20 CVQ: acc=0.100 n=80 hw=0.069 (14s)
[18:38:26] C K=30 N=20 IVQ@0.10: acc=0.200 n=130 hw=0.069 (23s)
[18:38:33] C K=30 N=20 IVQ@0.50: acc=0.000 n=40 hw=0.061 (7s)
[18:38:40] C K=30 N=20 IVQ@0.90: acc=0.000 n=40 hw=0.061 (7s)
[18:39:12] C K=30 N=30 FVQ: acc=0.836 n=110 hw=0.070 (32s)
[18:39:30] C K=30 N=30 CVQ: acc=0.050 n=60 hw=0.065 (17s)
[18:39:41] C K=30 N=30 IVQ@0.10: acc=0.000 n=40 hw=0.061 (12s)
[18:39:53] C K=30 N=30 IVQ@0.50: acc=0.000 n=40 hw=0.061 (12s)
[18:40:05] C K=30 N=30 IVQ@0.90: acc=0.000 n=40 hw=0.061 (12s)
[18:41:20] C K=30 N=50 FVQ: acc=0.815 n=130 hw=0.067 (75s)
[18:42:06] C K=30 N=50 CVQ: acc=0.087 n=80 hw=0.066 (46s)
[18:42:30] C K=30 N=50 IVQ@0.10: acc=0.000 n=40 hw=0.061 (23s)
[18:42:53] C K=30 N=50 IVQ@0.50: acc=0.000 n=40 hw=0.061 (23s)
[18:43:16] C K=30 N=50 IVQ@0.90: acc=0.000 n=40 hw=0.061 (23s)
[18:43:16] Loading LoRA (hf)...
Loading weights:   0%|          | 0/883 [00:00<?, ?it/s]Loading weights:   2%|▏         | 17/883 [00:00<00:05, 169.83it/s]Loading weights:   9%|▉         | 83/883 [00:00<00:01, 448.51it/s]Loading weights:  17%|█▋        | 154/883 [00:00<00:01, 564.17it/s]Loading weights:  25%|██▍       | 218/883 [00:00<00:01, 592.23it/s]Loading weights:  33%|███▎      | 289/883 [00:00<00:00, 623.94it/s]Loading weights:  40%|████      | 355/883 [00:00<00:00, 629.42it/s]Loading weights:  48%|████▊     | 421/883 [00:00<00:00, 632.26it/s]Loading weights:  88%|████████▊ | 773/883 [00:00<00:00, 1529.99it/s]Loading weights: 100%|██████████| 883/883 [00:00<00:00, 1034.04it/s]
[18:43:59] === model=lora ===
[18:44:01] C K=15 N=10 FVQ: acc=1.000 n=40 hw=0.061 (2s)
[18:44:03] C K=15 N=10 CVQ: acc=1.000 n=40 hw=0.061 (2s)
[18:44:05] C K=15 N=10 IVQ@0.10: acc=1.000 n=40 hw=0.061 (2s)
[18:44:12] C K=15 N=10 IVQ@0.50: acc=0.792 n=130 hw=0.070 (7s)
[18:44:21] C K=15 N=10 IVQ@0.90: acc=0.725 n=160 hw=0.069 (9s)
[18:44:24] C K=15 N=15 FVQ: acc=1.000 n=40 hw=0.061 (3s)
[18:44:27] C K=15 N=15 CVQ: acc=1.000 n=40 hw=0.061 (3s)
[18:44:30] C K=15 N=15 IVQ@0.10: acc=1.000 n=40 hw=0.061 (3s)
[18:44:43] C K=15 N=15 IVQ@0.50: acc=0.400 n=190 hw=0.069 (14s)
[18:44:53] C K=15 N=15 IVQ@0.90: acc=0.229 n=140 hw=0.069 (10s)
[18:44:57] C K=15 N=20 FVQ: acc=1.000 n=40 hw=0.061 (4s)
[18:45:01] C K=15 N=20 CVQ: acc=1.000 n=40 hw=0.061 (4s)
[18:45:05] C K=15 N=20 IVQ@0.10: acc=0.980 n=50 hw=0.061 (5s)
[18:45:16] C K=15 N=20 IVQ@0.50: acc=0.175 n=120 hw=0.068 (11s)
[18:45:34] C K=15 N=20 IVQ@0.90: acc=0.437 n=190 hw=0.070 (17s)
[18:45:39] C K=15 N=30 FVQ: acc=1.000 n=40 hw=0.061 (5s)
[18:45:44] C K=15 N=30 CVQ: acc=1.000 n=40 hw=0.061 (5s)
[18:45:50] C K=15 N=30 IVQ@0.10: acc=1.000 n=40 hw=0.061 (5s)
[18:45:55] C K=15 N=30 IVQ@0.50: acc=0.000 n=40 hw=0.061 (5s)
[18:46:10] C K=15 N=30 IVQ@0.90: acc=0.145 n=110 hw=0.067 (15s)
[18:46:19] C K=15 N=50 FVQ: acc=1.000 n=40 hw=0.061 (9s)
[18:46:33] C K=15 N=50 CVQ: acc=0.950 n=60 hw=0.065 (14s)
[18:47:16] C K=15 N=50 IVQ@0.10: acc=0.372 n=180 hw=0.070 (43s)
[18:47:26] C K=15 N=50 IVQ@0.50: acc=0.000 n=40 hw=0.061 (9s)
[18:47:54] C K=15 N=50 IVQ@0.90: acc=0.175 n=120 hw=0.068 (28s)
[18:47:56] C K=20 N=10 FVQ: acc=1.000 n=40 hw=0.061 (3s)
[18:47:59] C K=20 N=10 CVQ: acc=1.000 n=40 hw=0.061 (3s)
[18:48:02] C K=20 N=10 IVQ@0.10: acc=1.000 n=40 hw=0.061 (3s)
[18:48:08] C K=20 N=10 IVQ@0.50: acc=0.860 n=100 hw=0.069 (7s)
[18:48:22] C K=20 N=10 IVQ@0.90: acc=0.500 n=200 hw=0.069 (13s)
[18:48:26] C K=20 N=15 FVQ: acc=1.000 n=40 hw=0.061 (4s)
[18:48:29] C K=20 N=15 CVQ: acc=1.000 n=40 hw=0.061 (4s)
[18:48:33] C K=20 N=15 IVQ@0.10: acc=1.000 n=40 hw=0.061 (4s)
[18:48:50] C K=20 N=15 IVQ@0.50: acc=0.426 n=190 hw=0.070 (17s)
[18:49:01] C K=20 N=15 IVQ@0.90: acc=0.183 n=120 hw=0.070 (11s)
[18:49:06] C K=20 N=20 FVQ: acc=1.000 n=40 hw=0.061 (5s)
[18:49:12] C K=20 N=20 CVQ: acc=0.980 n=50 hw=0.061 (6s)
[18:49:18] C K=20 N=20 IVQ@0.10: acc=0.980 n=50 hw=0.061 (6s)
[18:49:31] C K=20 N=20 IVQ@0.50: acc=0.145 n=110 hw=0.067 (13s)
[18:49:52] C K=20 N=20 IVQ@0.90: acc=0.328 n=180 hw=0.068 (21s)
[18:49:59] C K=20 N=30 FVQ: acc=1.000 n=40 hw=0.061 (7s)
[18:50:10] C K=20 N=30 CVQ: acc=0.950 n=60 hw=0.065 (11s)
[18:50:21] C K=20 N=30 IVQ@0.10: acc=0.950 n=60 hw=0.065 (11s)
[18:50:29] C K=20 N=30 IVQ@0.50: acc=0.000 n=40 hw=0.061 (7s)
[18:50:58] C K=20 N=30 IVQ@0.90: acc=0.263 n=160 hw=0.068 (29s)
[18:51:11] C K=20 N=50 FVQ: acc=1.000 n=40 hw=0.061 (14s)
[18:51:28] C K=20 N=50 CVQ: acc=0.980 n=50 hw=0.061 (17s)
[18:52:35] C K=20 N=50 IVQ@0.10: acc=0.490 n=200 hw=0.069 (67s)
[18:52:49] C K=20 N=50 IVQ@0.50: acc=0.000 n=40 hw=0.061 (13s)
[18:53:22] C K=20 N=50 IVQ@0.90: acc=0.120 n=100 hw=0.066 (34s)
[18:53:26] C K=25 N=10 FVQ: acc=1.000 n=40 hw=0.061 (3s)
[18:53:29] C K=25 N=10 CVQ: acc=1.000 n=40 hw=0.061 (3s)
[18:53:32] C K=25 N=10 IVQ@0.10: acc=1.000 n=40 hw=0.061 (3s)
[18:53:45] C K=25 N=10 IVQ@0.50: acc=0.688 n=170 hw=0.069 (13s)
[18:54:00] C K=25 N=10 IVQ@0.90: acc=0.558 n=190 hw=0.070 (15s)
[18:54:05] C K=25 N=15 FVQ: acc=1.000 n=40 hw=0.061 (4s)
[18:54:09] C K=25 N=15 CVQ: acc=1.000 n=40 hw=0.061 (4s)
[18:54:13] C K=25 N=15 IVQ@0.10: acc=1.000 n=40 hw=0.061 (4s)
[18:54:34] C K=25 N=15 IVQ@0.50: acc=0.384 n=190 hw=0.069 (21s)
[18:54:51] C K=25 N=15 IVQ@0.90: acc=0.233 n=150 hw=0.067 (17s)
[18:54:57] C K=25 N=20 FVQ: acc=1.000 n=40 hw=0.061 (6s)
[18:55:03] C K=25 N=20 CVQ: acc=1.000 n=40 hw=0.061 (6s)
[18:55:09] C K=25 N=20 IVQ@0.10: acc=1.000 n=40 hw=0.061 (6s)
[18:55:19] C K=25 N=20 IVQ@0.50: acc=0.071 n=70 hw=0.066 (10s)
[18:55:37] C K=25 N=20 IVQ@0.90: acc=0.183 n=120 hw=0.070 (18s)
[18:55:46] C K=25 N=30 FVQ: acc=1.000 n=40 hw=0.061 (9s)
[18:55:55] C K=25 N=30 CVQ: acc=1.000 n=40 hw=0.061 (9s)
[18:56:05] C K=25 N=30 IVQ@0.10: acc=1.000 n=40 hw=0.061 (9s)
[18:56:14] C K=25 N=30 IVQ@0.50: acc=0.000 n=40 hw=0.061 (9s)
[18:56:52] C K=25 N=30 IVQ@0.90: acc=0.287 n=160 hw=0.070 (37s)
[18:57:10] C K=25 N=50 FVQ: acc=1.000 n=40 hw=0.061 (18s)
[18:57:50] C K=25 N=50 CVQ: acc=0.889 n=90 hw=0.067 (40s)
[18:59:15] C K=25 N=50 IVQ@0.10: acc=0.589 n=190 hw=0.069 (86s)
[18:59:33] C K=25 N=50 IVQ@0.50: acc=0.000 n=40 hw=0.061 (18s)
[19:00:05] C K=25 N=50 IVQ@0.90: acc=0.057 n=70 hw=0.062 (32s)
[19:00:09] C K=30 N=10 FVQ: acc=1.000 n=40 hw=0.061 (4s)
[19:00:12] C K=30 N=10 CVQ: acc=1.000 n=40 hw=0.061 (4s)
[19:00:16] C K=30 N=10 IVQ@0.10: acc=1.000 n=40 hw=0.061 (4s)
[19:00:33] C K=30 N=10 IVQ@0.50: acc=0.600 n=190 hw=0.069 (17s)
[19:00:51] C K=30 N=10 IVQ@0.90: acc=0.465 n=200 hw=0.068 (18s)
[19:00:57] C K=30 N=15 FVQ: acc=1.000 n=40 hw=0.061 (5s)
[19:01:03] C K=30 N=15 CVQ: acc=0.960 n=50 hw=0.069 (7s)
[19:01:09] C K=30 N=15 IVQ@0.10: acc=1.000 n=40 hw=0.061 (5s)
[19:01:31] C K=30 N=15 IVQ@0.50: acc=0.294 n=170 hw=0.068 (23s)
[19:01:51] C K=30 N=15 IVQ@0.90: acc=0.227 n=150 hw=0.067 (20s)
[19:02:00] C K=30 N=20 FVQ: acc=0.980 n=50 hw=0.061 (9s)
[19:02:11] C K=30 N=20 CVQ: acc=0.950 n=60 hw=0.065 (11s)
[19:02:20] C K=30 N=20 IVQ@0.10: acc=0.980 n=50 hw=0.061 (9s)
[19:02:36] C K=30 N=20 IVQ@0.50: acc=0.111 n=90 hw=0.067 (16s)
[19:03:03] C K=30 N=20 IVQ@0.90: acc=0.220 n=150 hw=0.066 (27s)
[19:03:14] C K=30 N=30 FVQ: acc=1.000 n=40 hw=0.061 (12s)
[19:03:35] C K=30 N=30 CVQ: acc=0.943 n=70 hw=0.062 (20s)
[19:03:46] C K=30 N=30 IVQ@0.10: acc=1.000 n=40 hw=0.061 (12s)
[19:03:58] C K=30 N=30 IVQ@0.50: acc=0.000 n=40 hw=0.061 (12s)
[19:04:48] C K=30 N=30 IVQ@0.90: acc=0.300 n=170 hw=0.068 (50s)
[19:05:11] C K=30 N=50 FVQ: acc=1.000 n=40 hw=0.061 (23s)
[19:05:57] C K=30 N=50 CVQ: acc=0.912 n=80 hw=0.066 (46s)
[19:07:47] C K=30 N=50 IVQ@0.10: acc=0.616 n=190 hw=0.069 (110s)
[19:08:10] C K=30 N=50 IVQ@0.50: acc=0.000 n=40 hw=0.061 (23s)
[19:08:39] C K=30 N=50 IVQ@0.90: acc=0.020 n=50 hw=0.061 (29s)
[19:08:40] E1 done.
