device: mps, tag: gpt2_pretrained_run1, accum_steps: 4 (effective batch 32)
Loading weights:   0%|          | 0/148 [00:00<?, ?it/s]Loading weights: 100%|██████████| 148/148 [00:00<00:00, 14545.47it/s]
model params: 124,439,808
step 25/3000 lr=1.25e-05 loss=4.1239 elapsed=25.4s
step 50/3000 lr=2.50e-05 loss=1.7636 elapsed=54.1s
step 75/3000 lr=3.00e-05 loss=1.1980 elapsed=86.6s
step 100/3000 lr=3.00e-05 loss=1.1469 elapsed=125.7s
step 125/3000 lr=3.00e-05 loss=0.9878 elapsed=162.3s
step 150/3000 lr=3.00e-05 loss=0.8100 elapsed=193.9s
step 175/3000 lr=3.00e-05 loss=0.7659 elapsed=230.3s
step 200/3000 lr=3.00e-05 loss=0.6743 elapsed=265.6s
step 225/3000 lr=3.00e-05 loss=0.6820 elapsed=304.1s
step 250/3000 lr=3.00e-05 loss=0.6132 elapsed=336.1s
  [val@250] overall_acc=0.4734 by_role={'first': 0.9861111111111112, 'last': 0.5061111111111111, 'intermediate': 0.3246969696969697}
  new best val_acc=0.4734
step 275/3000 lr=3.00e-05 loss=1.0382 elapsed=541.1s
step 300/3000 lr=3.00e-05 loss=0.8541 elapsed=579.4s
step 325/3000 lr=3.00e-05 loss=0.8074 elapsed=618.0s
step 350/3000 lr=3.00e-05 loss=0.7529 elapsed=657.3s
step 375/3000 lr=3.00e-05 loss=0.7346 elapsed=691.7s
step 400/3000 lr=3.00e-05 loss=0.7567 elapsed=728.0s
step 425/3000 lr=3.00e-05 loss=0.7078 elapsed=764.3s
step 450/3000 lr=3.00e-05 loss=0.7279 elapsed=799.8s
step 475/3000 lr=3.00e-05 loss=0.6328 elapsed=839.8s
step 500/3000 lr=3.00e-05 loss=0.6541 elapsed=876.2s
  [val@500] overall_acc=0.4782 by_role={'first': 0.9944444444444445, 'last': 0.4666666666666667, 'intermediate': 0.3406060606060606}
  new best val_acc=0.4782
step 525/3000 lr=3.00e-05 loss=0.6259 elapsed=1089.7s
step 550/3000 lr=3.00e-05 loss=0.6315 elapsed=1122.7s
step 575/3000 lr=3.00e-05 loss=0.6374 elapsed=1160.3s
step 600/3000 lr=3.00e-05 loss=0.6456 elapsed=1199.5s
step 625/3000 lr=3.00e-05 loss=0.5274 elapsed=1234.5s
step 650/3000 lr=3.00e-05 loss=0.6026 elapsed=1272.0s
step 675/3000 lr=3.00e-05 loss=0.5496 elapsed=1307.0s
step 700/3000 lr=3.00e-05 loss=0.6422 elapsed=1342.6s
step 725/3000 lr=3.00e-05 loss=0.5226 elapsed=1375.1s
step 750/3000 lr=3.00e-05 loss=0.5435 elapsed=1411.7s
  [val@750] overall_acc=0.5288 by_role={'first': 0.9994444444444445, 'last': 0.5888888888888889, 'intermediate': 0.3840909090909091}
  new best val_acc=0.5288
step 775/3000 lr=3.00e-05 loss=0.4858 elapsed=1629.9s
step 800/3000 lr=3.00e-05 loss=0.5618 elapsed=1668.8s
step 825/3000 lr=3.00e-05 loss=0.5059 elapsed=1703.9s
step 850/3000 lr=3.00e-05 loss=0.4838 elapsed=1741.9s
step 875/3000 lr=3.00e-05 loss=0.5475 elapsed=1775.9s
step 900/3000 lr=3.00e-05 loss=0.5709 elapsed=1807.9s
step 925/3000 lr=3.00e-05 loss=0.5291 elapsed=1848.0s
step 950/3000 lr=3.00e-05 loss=0.4959 elapsed=1883.1s
step 975/3000 lr=3.00e-05 loss=0.5555 elapsed=1918.2s
step 1000/3000 lr=3.00e-05 loss=0.5162 elapsed=1956.9s
  [val@1000] overall_acc=0.5578 by_role={'first': 0.9994444444444445, 'last': 0.6427777777777778, 'intermediate': 0.41424242424242425}
  new best val_acc=0.5578
step 1025/3000 lr=3.00e-05 loss=0.4816 elapsed=2166.0s
step 1050/3000 lr=3.00e-05 loss=0.5726 elapsed=2207.8s
step 1075/3000 lr=3.00e-05 loss=0.5506 elapsed=2246.2s
step 1100/3000 lr=3.00e-05 loss=0.4383 elapsed=2283.9s
step 1125/3000 lr=3.00e-05 loss=0.4675 elapsed=2319.3s
step 1150/3000 lr=3.00e-05 loss=0.5058 elapsed=2359.2s
step 1175/3000 lr=3.00e-05 loss=0.4831 elapsed=2395.5s
step 1200/3000 lr=3.00e-05 loss=0.4192 elapsed=2429.5s
step 1225/3000 lr=3.00e-05 loss=0.5105 elapsed=2467.5s
step 1250/3000 lr=3.00e-05 loss=0.4869 elapsed=2502.2s
  [val@1250] overall_acc=0.5888 by_role={'first': 1.0, 'last': 0.6672222222222223, 'intermediate': 0.4553030303030303}
  new best val_acc=0.5888
step 1275/3000 lr=3.00e-05 loss=0.4471 elapsed=2720.2s
step 1300/3000 lr=3.00e-05 loss=0.4158 elapsed=2759.0s
step 1325/3000 lr=3.00e-05 loss=0.5016 elapsed=2798.2s
step 1350/3000 lr=3.00e-05 loss=0.4402 elapsed=2835.8s
step 1375/3000 lr=3.00e-05 loss=0.4820 elapsed=2878.4s
step 1400/3000 lr=3.00e-05 loss=0.4247 elapsed=2910.5s
step 1425/3000 lr=3.00e-05 loss=0.3977 elapsed=2945.0s
step 1450/3000 lr=3.00e-05 loss=0.4535 elapsed=2981.3s
step 1475/3000 lr=3.00e-05 loss=0.5004 elapsed=3019.0s
step 1500/3000 lr=3.00e-05 loss=0.4878 elapsed=3056.2s
  [val@1500] overall_acc=0.5727 by_role={'first': 1.0, 'last': 0.5733333333333334, 'intermediate': 0.45606060606060606}
step 1525/3000 lr=3.00e-05 loss=0.4492 elapsed=3276.5s
step 1550/3000 lr=3.00e-05 loss=0.4528 elapsed=3315.0s
step 1575/3000 lr=3.00e-05 loss=0.3798 elapsed=3355.3s
step 1600/3000 lr=3.00e-05 loss=0.4166 elapsed=3390.3s
step 1625/3000 lr=3.00e-05 loss=0.4237 elapsed=3430.0s
step 1650/3000 lr=3.00e-05 loss=0.4097 elapsed=3464.0s
step 1675/3000 lr=3.00e-05 loss=0.4049 elapsed=3504.0s
step 1700/3000 lr=3.00e-05 loss=0.3894 elapsed=3538.9s
step 1725/3000 lr=3.00e-05 loss=0.4290 elapsed=3576.9s
step 1750/3000 lr=3.00e-05 loss=0.3905 elapsed=3613.9s
  [val@1750] overall_acc=0.6552 by_role={'first': 1.0, 'last': 0.79, 'intermediate': 0.5243939393939394}
  new best val_acc=0.6552
step 1775/3000 lr=3.00e-05 loss=0.4340 elapsed=3833.6s
step 1800/3000 lr=3.00e-05 loss=0.3937 elapsed=3870.9s
step 1825/3000 lr=3.00e-05 loss=0.4190 elapsed=3909.6s
step 1850/3000 lr=3.00e-05 loss=0.4502 elapsed=3948.8s
step 1875/3000 lr=3.00e-05 loss=0.4569 elapsed=3990.9s
step 1900/3000 lr=3.00e-05 loss=0.3761 elapsed=4027.1s
step 1925/3000 lr=3.00e-05 loss=0.3767 elapsed=4064.1s
step 1950/3000 lr=3.00e-05 loss=0.4016 elapsed=4099.8s
step 1975/3000 lr=3.00e-05 loss=0.3140 elapsed=4140.5s
step 2000/3000 lr=3.00e-05 loss=0.4134 elapsed=4179.3s
  [val@2000] overall_acc=0.6558 by_role={'first': 1.0, 'last': 0.6816666666666666, 'intermediate': 0.5548484848484848}
  new best val_acc=0.6558
step 2025/3000 lr=3.00e-05 loss=0.3658 elapsed=4401.2s
step 2050/3000 lr=3.00e-05 loss=0.3866 elapsed=4443.3s
step 2075/3000 lr=3.00e-05 loss=0.3678 elapsed=4479.3s
step 2100/3000 lr=3.00e-05 loss=0.3633 elapsed=4520.5s
step 2125/3000 lr=3.00e-05 loss=0.3601 elapsed=4560.3s
step 2150/3000 lr=3.00e-05 loss=0.3152 elapsed=4594.0s
step 2175/3000 lr=3.00e-05 loss=0.3511 elapsed=4631.7s
step 2200/3000 lr=3.00e-05 loss=0.3787 elapsed=4670.7s
step 2225/3000 lr=3.00e-05 loss=0.3490 elapsed=4709.4s
step 2250/3000 lr=3.00e-05 loss=0.3632 elapsed=4748.3s
  [val@2250] overall_acc=0.5905 by_role={'first': 1.0, 'last': 0.5272222222222223, 'intermediate': 0.49606060606060604}
step 2275/3000 lr=3.00e-05 loss=0.3197 elapsed=4962.7s
step 2300/3000 lr=3.00e-05 loss=0.3877 elapsed=5003.0s
step 2325/3000 lr=3.00e-05 loss=0.3849 elapsed=5041.6s
step 2350/3000 lr=3.00e-05 loss=0.3635 elapsed=5076.9s
step 2375/3000 lr=3.00e-05 loss=0.3684 elapsed=5112.8s
step 2400/3000 lr=3.00e-05 loss=0.3504 elapsed=5149.8s
step 2425/3000 lr=3.00e-05 loss=0.3575 elapsed=5190.8s
step 2450/3000 lr=3.00e-05 loss=0.3680 elapsed=5223.7s
step 2475/3000 lr=3.00e-05 loss=0.3464 elapsed=5259.2s
step 2500/3000 lr=3.00e-05 loss=0.3795 elapsed=5298.3s
  [val@2500] overall_acc=0.6367 by_role={'first': 1.0, 'last': 0.6183333333333333, 'intermediate': 0.5425757575757576}
step 2525/3000 lr=3.00e-05 loss=0.3797 elapsed=5517.5s
step 2550/3000 lr=3.00e-05 loss=0.3413 elapsed=5551.9s
step 2575/3000 lr=3.00e-05 loss=0.3252 elapsed=5591.0s
step 2600/3000 lr=3.00e-05 loss=0.2947 elapsed=5625.4s
step 2625/3000 lr=3.00e-05 loss=0.2865 elapsed=5656.9s
step 2650/3000 lr=3.00e-05 loss=0.3142 elapsed=5691.9s
step 2675/3000 lr=3.00e-05 loss=0.3640 elapsed=5729.8s
step 2700/3000 lr=3.00e-05 loss=0.3796 elapsed=5769.9s
step 2725/3000 lr=2.95e-05 loss=0.2764 elapsed=5806.5s
step 2750/3000 lr=2.82e-05 loss=0.2892 elapsed=5837.7s
  [val@2750] overall_acc=0.6358 by_role={'first': 1.0, 'last': 0.6561111111111111, 'intermediate': 0.5309090909090909}
step 2775/3000 lr=2.60e-05 loss=0.2957 elapsed=20554.3s
step 2800/3000 lr=2.33e-05 loss=0.2697 elapsed=27876.1s
step 2825/3000 lr=2.00e-05 loss=0.2238 elapsed=28511.2s
step 2850/3000 lr=1.65e-05 loss=0.2635 elapsed=28534.6s
step 2875/3000 lr=1.30e-05 loss=0.3190 elapsed=28560.2s
step 2900/3000 lr=9.75e-06 loss=0.2922 elapsed=28585.2s
step 2925/3000 lr=6.95e-06 loss=0.2712 elapsed=28610.1s
step 2950/3000 lr=4.81e-06 loss=0.3012 elapsed=28635.6s
step 2975/3000 lr=3.46e-06 loss=0.3076 elapsed=28664.2s
step 3000/3000 lr=3.00e-06 loss=0.2634 elapsed=28689.8s
  [val@3000] overall_acc=0.6639 by_role={'first': 1.0, 'last': 0.6522222222222223, 'intermediate': 0.5754545454545454}
  new best val_acc=0.6639
training complete.
