
### Model: gemma-3-4b-it  (434 state×cell×condition rows) ###

==============================================================================
FIX 4a -- CORRECTNESS probe (AUC), iso-accuracy binned  [chance = 0.50]
At a matched behavioral accuracy, is correctness more decodable in one state?
==============================================================================
beh-acc band      base AUC (n)     lora AUC (n)
0.0-0.2             0.83  (48)       0.64  (36)
0.2-0.4             0.68  (17)       0.63  (32)
0.4-0.6              0.71  (4)       0.64  (17)
0.6-0.8              0.80  (7)        0.71  (5)
0.8-1.0             0.84  (27)       0.89  (38)

==============================================================================
FIX 4b -- RETRIEVAL probe [all] (AUC), iso-accuracy binned  [chance = 0.50]
Correctness-INDEPENDENT: is the answer value represented, at matched accuracy?
==============================================================================
beh-acc band      base AUC (n)     lora AUC (n)
0.0-0.2            0.59  (160)       0.64  (70)
0.2-0.4             0.78  (17)       0.86  (32)
0.4-0.6              0.90  (4)       0.91  (17)
0.6-0.8              0.97  (7)        0.93  (5)
0.8-1.0             0.99  (29)       1.00  (93)

==============================================================================
FIX 3 -- 'TRACKED BUT SUPPRESSED': retrieval AUC on WRONG-answer trials
Correct value decodable despite the model emitting a wrong answer (n_wrong>=30).
==============================================================================
state cell    cond       beh n_wrong retr[wrong]  @L corr_auc
lora  30k20u  IVQ_d25     56      40        0.98  32     0.68
lora  10k50u  IVQ_d10     25     128        0.98  31     0.67
lora  20k50u  IVQ_d10     46      49        0.96  31     0.59
lora  7k50u   IVQ_d10     22     140        0.95  33     0.76
lora  7k30u   IVQ_d25     20     169        0.95  33     0.65
lora  10k75u  IVQ_d10     40      60        0.94  33     0.62
lora  30k10u  IVQ_d75     51      44        0.94  33     0.63
lora  20k15u  IVQ_d25     87      41        0.94  32     0.71
lora  20k75u  IVQ_d10     27     110        0.94  33     0.61
lora  15k75u  IVQ_d10     34      79        0.93  33     0.57
lora  10k20u  IVQ_d25     75      40        0.93  33     0.69
lora  25k10u  IVQ_d75     59      41        0.93  31     0.61
lora  7k75u   IVQ_d10     34      79        0.93  33     0.57
lora  25k50u  IVQ_d10     58      42        0.93  31     0.69
lora  25k10u  IVQ_d90     48      47        0.93  32     0.71
lora  25k10u  IVQ_d50     67      40        0.93  33     0.69
lora  30k50u  IVQ_d10     52      43        0.92  33     0.59
lora  15k20u  IVQ_d25     40      60        0.91  29     0.67
lora  20k20u  IVQ_d25     32      89        0.90  32     0.70
lora  25k20u  IVQ_d25     37      69        0.90  31     0.65
lora  5k10u   IVQ_d90     87      40        0.89  29     0.61
lora  30k20u  IVQ_d90     13     287        0.89  33     0.61
lora  30k10u  IVQ_d90     50      45        0.89  33     0.69
lora  15k15u  IVQ_d50     36      77        0.89  33     0.68
lora  25k15u  IVQ_d25     86      40        0.88  33     0.74
lora  15k50u  IVQ_d10     49      46        0.88  33     0.64
lora  15k20u  IVQ_d90     36      70        0.88  33     0.57
lora  15k30u  IVQ_d25     21     150        0.88  29     0.69
lora  10k30u  IVQ_d25     24     136        0.88  33     0.64
lora  25k20u  IVQ_d90     19     170        0.86  30     0.65
lora  20k15u  IVQ_d50     40      60        0.86  29     0.64
lora  25k75u  IVQ_d10     27     117        0.86  33     0.68
lora  30k10u  IVQ_d50     62      42        0.85  25     0.60
base  25k15u  FVQ         89      40        0.85  29     0.91
base  2k5u    CVQ         80      40        0.85  30     0.62
lora  5k10u   IVQ_d75     73      41        0.85  30     0.62
lora  10k20u  IVQ_d90     46      49        0.85  30     0.80
lora  20k20u  IVQ_d90     36      77        0.84  32     0.60
lora  15k15u  IVQ_d75     43      57        0.84  30     0.53
lora  10k20u  IVQ_d50     42      58        0.84  33     0.69
lora  30k15u  IVQ_d25     84      41        0.83  29     0.72
base  7k30u   CVQ         50      45        0.83  31     0.73
lora  10k20u  IVQ_d75     32      89        0.82  32     0.62
lora  30k15u  IVQ_d90     27     110        0.82  30     0.55
base  10k20u  IVQ_d10     29     100        0.82  32     0.71
base  7k75u   FVQ         85      40        0.82  26     0.87
lora  30k50u  CVQ         91      36        0.81  19     0.95
base  5k10u   IVQ_d10     52      43        0.81  29     0.68
lora  20k30u  IVQ_d90     24     130        0.81  32     0.63
lora  20k20u  IVQ_d75     24     129        0.81  33     0.61
base  15k20u  IVQ_d10     31      97        0.80  29     0.65
lora  30k30u  IVQ_d90     22     140        0.79  33     0.63
lora  15k15u  IVQ_d90     21     166        0.79  33     0.65
lora  15k30u  IVQ_d90     23     139        0.79  32     0.58
lora  20k15u  IVQ_d75     44      50        0.79  33     0.63
lora  15k20u  IVQ_d75     27     110        0.79  31     0.50
lora  30k15u  IVQ_d75     36      70        0.78  33     0.63
base  5k10u   CVQ         71      43        0.78  31     0.61
base  30k30u  FVQ         85      41        0.78  32     0.80
lora  25k30u  IVQ_d90     27     109        0.78  31     0.66
base  30k10u  FVQ         89      40        0.78  33     0.80
lora  20k30u  IVQ_d25     29      99        0.78  29     0.62
lora  20k15u  IVQ_d90     29     100        0.78  32     0.61
lora  25k20u  IVQ_d75     17     200        0.77  32     0.69
base  25k75u  FVQ         78      41        0.77  32     0.84
lora  7k50u   IVQ_d25     20     160        0.76  29     0.76
lora  30k15u  IVQ_d50     25     120        0.76  29     0.63
base  30k15u  FVQ         89      40        0.76  33     0.82
base  20k50u  FVQ         82      42        0.75  32     0.90
lora  25k15u  IVQ_d75     37      69        0.75  33     0.62
lora  15k50u  IVQ_d90     15     220        0.75  30     0.59
base  20k30u  IVQ_d10      0      60        0.75  30       --
base  30k75u  FVQ         73      43        0.74  30     0.83
lora  30k75u  IVQ_d10     15     229        0.74  32     0.62
base  2k5u    IVQ_d10     89      40        0.74  31     0.82
base  30k20u  IVQ_d10     21     158        0.74  31     0.64
base  15k15u  IVQ_d10     29      99        0.73  29     0.72
base  7k50u   CVQ         36      70        0.73  31     0.70
lora  30k30u  IVQ_d25     33      80        0.73  23     0.64
base  25k30u  FVQ         81      42        0.72  33     0.84
lora  10k50u  IVQ_d90     14     259        0.72  32     0.65
base  10k50u  FVQ         83      40        0.72  33     0.87
base  2k5u    IVQ_d25     85      40        0.71  23     0.90
lora  25k15u  IVQ_d90     28     108        0.71  33     0.62
lora  20k50u  IVQ_d90     13     270        0.71  31     0.65
lora  15k20u  IVQ_d50     20     159        0.71  33     0.63
base  25k15u  IVQ_d10     22     140        0.71  33     0.60
base  10k30u  FVQ         92      34        0.71  25     0.90
base  20k20u  IVQ_d10     24     137        0.71  29     0.65
base  15k30u  IVQ_d75      0      60        0.71  11       --
lora  7k75u   IVQ_d25      0      60        0.71   7       --
base  30k20u  FVQ         81      43        0.70  30     0.65
lora  25k30u  IVQ_d25     35      78        0.70  33     0.63
lora  25k75u  CVQ         88      40        0.70  33     0.96
lora  25k15u  IVQ_d50     42      58        0.70  29     0.54
base  20k75u  FVQ         75      42        0.70  32     0.84
lora  30k20u  IVQ_d75     10     360        0.70  33     0.57
base  10k75u  IVQ_d75      0      60        0.70  18       --
lora  7k30u   IVQ_d50     15     230        0.70  30     0.61
lora  15k75u  IVQ_d90      6     378        0.70  33     0.74
lora  10k30u  IVQ_d90     19     179        0.70  30     0.56
lora  7k75u   IVQ_d90     14     240        0.70  33     0.63
lora  30k75u  CVQ         80      41        0.70  32     0.96
lora  10k75u  IVQ_d90      9     365        0.70  32     0.54
base  10k30u  IVQ_d10      0      60        0.69  30       --
lora  15k30u  IVQ_d75     12     290        0.69  33     0.57
base  25k30u  IVQ_d10      0      60        0.69  31       --
base  10k20u  IVQ_d50      0      60        0.69  31       --
base  7k75u   IVQ_d25      0      60        0.68  19       --
base  20k75u  IVQ_d50      0      60        0.68  24       --
base  30k50u  FVQ         76      41        0.68  29     0.77
lora  10k30u  IVQ_d75     16     210        0.68  31     0.56
base  2k5u    IVQ_d50     85      40        0.68  32     0.88
lora  20k75u  IVQ_d50      0      60        0.68  24       --
base  7k30u   IVQ_d25      0      60        0.68  17       --
base  15k50u  FVQ         75      43        0.68  33     0.88
base  20k75u  IVQ_d10      0      60        0.68   3       --
base  30k30u  IVQ_d90      0      60        0.68  23       --
base  7k30u   IVQ_d10      0      60        0.68  29       --
base  7k75u   CVQ         24     130        0.68  30     0.71
base  25k20u  FVQ         87      41        0.68  29     0.82
base  25k20u  IVQ_d10     21     150        0.67  29     0.64
base  15k15u  IVQ_d90      0      60        0.67  23       --
lora  10k75u  IVQ_d75      0      60        0.67   6       --
base  15k20u  CVQ         26     119        0.67  30     0.68
base  30k50u  IVQ_d50      0      60        0.67  27       --
lora  7k30u   IVQ_d90     15     230        0.67  32     0.74
base  20k15u  IVQ_d10     19     179        0.67  29     0.70
base  7k75u   IVQ_d75      0      60        0.67  21       --
base  20k15u  IVQ_d90      0      60        0.67  19       --
lora  30k30u  IVQ_d50      0      60        0.67  31       --
lora  20k20u  IVQ_d50     16     218        0.67  31     0.56
base  25k15u  IVQ_d90      0      60        0.66  31       --
lora  25k30u  IVQ_d50      0      60        0.66  24       --
base  15k75u  IVQ_d10      0      60        0.66  24       --
base  7k50u   FVQ         92      33        0.66  31     0.89
lora  25k20u  IVQ_d50     11     330        0.65  29     0.60
base  15k15u  CVQ         26     118        0.65  30     0.67
base  7k50u   IVQ_d75      0      60        0.65  29       --
base  10k75u  CVQ         11     349        0.65  33     0.81
base  7k50u   IVQ_d90      0      60        0.65  23       --
lora  15k75u  IVQ_d75      0      60        0.65  28       --
lora  25k50u  IVQ_d75      0      60        0.65  21       --
base  15k75u  IVQ_d25      0      60        0.65   7       --
lora  10k50u  IVQ_d75      6     374        0.65  32     0.56
base  10k75u  IVQ_d10      0      60        0.64  32       --
base  30k50u  IVQ_d25      0      60        0.64  18       --
lora  7k50u   IVQ_d75      6     375        0.64  30     0.54
lora  7k50u   IVQ_d90     13     270        0.64  30     0.57
lora  25k50u  IVQ_d90      6     377        0.64  33     0.65
base  30k75u  IVQ_d25      0      60        0.64  29       --
base  30k20u  IVQ_d75      0      60        0.64  31       --
base  30k30u  IVQ_d75      0      60        0.64  28       --
lora  10k50u  IVQ_d25     11     310        0.64  29     0.74
base  5k10u   IVQ_d25     51      44        0.64  29     0.81
base  10k50u  IVQ_d25      0      60        0.63  33       --
lora  7k30u   IVQ_d75     16     219        0.63  32     0.59
base  15k50u  IVQ_d90      0      60        0.63  31       --
base  25k30u  IVQ_d50      0      60        0.63  30       --
base  15k50u  IVQ_d75      0      60        0.63  32       --
lora  15k75u  IVQ_d25      0      60        0.63   6       --
lora  30k50u  IVQ_d50      0      60        0.63  16       --
base  15k75u  IVQ_d75      0      60        0.63  33       --
base  25k75u  IVQ_d75      0      60        0.63  18       --
base  30k30u  IVQ_d50      0      60        0.63   5       --
base  25k10u  IVQ_d75      0     398        0.63  29     0.94
base  20k30u  IVQ_d25      0      60        0.63  20       --
base  20k20u  FVQ         86      40        0.63  29     0.84
base  10k20u  IVQ_d75      0      60        0.63  26       --
base  15k30u  IVQ_d90      0      60        0.63  23       --
lora  15k75u  IVQ_d50      0      60        0.63  21       --
base  25k75u  CVQ          3     387        0.63  31     0.89
lora  20k30u  IVQ_d75      4     383        0.63  31     0.63
lora  20k50u  IVQ_d25      7     372        0.63  29     0.71
base  15k75u  CVQ          6     377        0.63  31     0.86
lora  10k30u  IVQ_d50      9     365        0.63  32     0.74
base  30k10u  IVQ_d90      1     395        0.62  30     0.84
lora  7k75u   IVQ_d75      0     398        0.62  32     0.96
base  15k15u  IVQ_d25      0      60        0.62  30       --
base  30k30u  IVQ_d10      0      60        0.62  25       --
base  30k75u  IVQ_d75      0      60        0.62  28       --
lora  30k75u  IVQ_d90      0      60        0.62  16       --
base  25k10u  IVQ_d25     25     120        0.61   6     0.75
base  25k50u  FVQ         84      41        0.61  33     0.80
lora  30k30u  IVQ_d75      0      60        0.61   9       --
base  25k50u  IVQ_d75      0      60        0.61  21       --
base  30k50u  IVQ_d10      0      60        0.61  28       --
base  15k15u  IVQ_d50      0      60        0.61  26       --
base  30k20u  IVQ_d50      0      60        0.61  29       --
lora  25k75u  IVQ_d75      0      60        0.61  30       --
base  25k10u  IVQ_d10     18     188        0.61  29     0.74
base  25k15u  IVQ_d75      0     399        0.61  29       --
base  15k50u  IVQ_d25      0      60        0.61   7       --
base  10k30u  IVQ_d75      0      60        0.61  25       --
base  15k75u  FVQ         77      41        0.61  29     0.84
base  10k50u  CVQ         14     240        0.61  32     0.74
base  10k75u  FVQ         82      42        0.61  20     0.90
base  10k20u  CVQ         53      42        0.61  23     0.61
base  25k10u  CVQ         20     168        0.61  33     0.79
lora  30k50u  IVQ_d90      4     386        0.61  33     0.69
base  25k30u  IVQ_d75      0      60        0.61  31       --
base  25k30u  IVQ_d25      0      60        0.60  27       --
base  10k75u  IVQ_d90      0      60        0.60  29       --
base  30k75u  IVQ_d90      0      60        0.60  21       --
base  25k50u  IVQ_d10      0      60        0.60  24       --
base  7k75u   IVQ_d10      0      60        0.60  20       --
base  30k10u  IVQ_d25     22     157        0.60  29     0.75
base  25k50u  IVQ_d90      0      60        0.60  31       --
base  15k20u  IVQ_d50      0      60        0.60  30       --
base  20k20u  IVQ_d90      0      60        0.60  27       --
base  20k50u  IVQ_d90      0      60        0.60   4       --
lora  15k30u  IVQ_d50      0      60        0.60  22       --
base  7k50u   IVQ_d10      0     398        0.60  33     0.95
base  30k15u  IVQ_d75      1     395        0.60  24     0.75
base  20k50u  IVQ_d50      0      60        0.60  31       --
base  25k75u  IVQ_d10      2     390        0.60  29     0.76
base  20k50u  IVQ_d25      0      60        0.59  19       --
base  7k75u   IVQ_d90      0      60        0.59  21       --
lora  20k50u  IVQ_d50      0      60        0.59  15       --
base  20k30u  FVQ         84      41        0.59  23     0.81
base  15k75u  IVQ_d90      0      60        0.59  19       --
lora  15k50u  IVQ_d75      0      60        0.59  27       --
base  25k10u  FVQ         90      38        0.59  33     0.85
base  20k50u  IVQ_d75      0      60        0.59  28       --
base  20k15u  CVQ         16     209        0.59  33     0.76
base  7k30u   IVQ_d90      0     398        0.58  32     0.99
base  25k20u  IVQ_d90      0      60        0.58  14       --
base  10k30u  CVQ         36      70        0.58  30     0.67
base  25k50u  CVQ          4     385        0.58  31     0.76
base  25k50u  IVQ_d25      0     399        0.58   5       --
base  30k75u  IVQ_d10      1     395        0.58  33     0.87
base  20k15u  IVQ_d25      0      60        0.58   7       --
base  5k10u   IVQ_d90      3     389        0.58  32     0.77
base  25k15u  IVQ_d50      0      60        0.58  29       --
base  15k15u  IVQ_d75      0      60        0.58  31       --
base  10k50u  IVQ_d75      0      60        0.58  21       --
base  30k75u  CVQ          8     369        0.58  32     0.82
lora  15k50u  IVQ_d25     11     310        0.58  31     0.70
base  25k20u  IVQ_d75      0      60        0.58  20       --
base  20k75u  IVQ_d25      0      60        0.57  30       --
base  20k30u  IVQ_d50      0      60        0.57  33       --
base  15k30u  IVQ_d25      2     394        0.57   8     0.73
base  20k50u  IVQ_d10      1     395        0.57  33     0.97
base  15k50u  IVQ_d10      0     398        0.57  33     0.94
base  25k10u  IVQ_d90      0      60        0.57  29       --
base  30k15u  IVQ_d10     21     150        0.57  29     0.63
base  10k20u  IVQ_d90      1     397        0.57  25     0.95
base  20k20u  IVQ_d75      0     399        0.57  30       --
base  30k10u  IVQ_d75      0      60        0.57  33       --
base  5k10u   IVQ_d50      2     394        0.57  26     0.90
lora  20k75u  IVQ_d25      0      60        0.57  19       --
lora  7k75u   IVQ_d50      0      60        0.57  30       --
base  30k50u  CVQ          4     382        0.56  31     0.87
base  25k30u  IVQ_d90      0      60        0.56  14       --
base  25k15u  IVQ_d25      1     395        0.56  22     0.81
base  30k10u  IVQ_d50      1     397        0.56  26     0.82
base  15k30u  IVQ_d50      0      60        0.56   5       --
base  30k15u  CVQ          8     367        0.56  23     0.77
base  10k50u  IVQ_d10      0      60        0.56  21       --
base  25k10u  IVQ_d50      1     395        0.56  23     0.99
base  15k75u  IVQ_d50      0      60        0.56  16       --
base  20k20u  IVQ_d25      2     391        0.56  28     0.84
base  25k15u  CVQ         12     300        0.56  23     0.68
base  2k5u    IVQ_d75     12     300        0.56   9     0.68
lora  10k75u  IVQ_d25      0      60        0.56  19       --
lora  7k50u   IVQ_d50      3     389        0.56  33     0.52
base  15k20u  IVQ_d25      0      60        0.55  32       --
lora  25k75u  IVQ_d50      0      60        0.55  25       --
base  20k75u  CVQ          2     391        0.55  32     0.87
lora  30k50u  IVQ_d25      4     386        0.55  28     0.61
base  20k30u  CVQ          6     374        0.55  31     0.77
base  10k50u  IVQ_d90      0      60        0.55   3       --
base  30k15u  IVQ_d25      2     392        0.55  22     0.83
base  20k15u  IVQ_d75      0      60        0.55  26       --
lora  25k75u  IVQ_d90      2     393        0.55  30     0.71
base  10k30u  IVQ_d90      0      60        0.55  33       --
lora  20k75u  IVQ_d90      0      60        0.55  33       --
base  5k10u   IVQ_d75      3     388        0.55  23     0.84
base  20k30u  IVQ_d75      0      60        0.55  32       --
base  20k20u  CVQ         11     349        0.55  26     0.83
base  20k50u  CVQ          6     377        0.54  31     0.94
lora  30k75u  IVQ_d25      0      60        0.54  15       --
base  25k20u  CVQ          8     366        0.54  27     0.80
base  30k10u  IVQ_d10     24     130        0.54  23     0.68
base  10k30u  IVQ_d50      0      60        0.54  21       --
base  10k75u  IVQ_d25      0      60        0.54  19       --
base  15k30u  FVQ         86      40        0.54  29     0.88
base  25k20u  IVQ_d50      0      60        0.54  33       --
base  7k30u   IVQ_d50      0     399        0.54  24       --
base  30k10u  CVQ         20     169        0.54  19     0.82
base  7k50u   IVQ_d50      0      60        0.54   7       --
base  15k50u  CVQ          6     378        0.54  31     0.70
lora  25k50u  IVQ_d50      0      60        0.54  31       --
base  15k30u  IVQ_d10      1     395        0.54  21     0.96
base  7k75u   IVQ_d50      0      60        0.54  13       --
lora  20k50u  IVQ_d75      0      60        0.54  29       --
lora  25k30u  IVQ_d75      0      60        0.54  30       --
base  25k75u  IVQ_d90      0      60        0.53  17       --
base  25k50u  IVQ_d50      0      60        0.53  19       --
lora  15k50u  IVQ_d50      0      60        0.53  23       --
base  20k30u  IVQ_d90      0      60        0.53  21       --
base  30k30u  CVQ          3     388        0.53  25     0.86
lora  25k50u  IVQ_d25      5     380        0.53  23     0.64
base  10k20u  IVQ_d25      1     397        0.53   7     0.90
base  30k15u  IVQ_d90      0      60        0.53  29       --
base  10k50u  IVQ_d50      0      60        0.53  17       --
base  30k30u  IVQ_d25      1     397        0.53  27     0.98
base  15k30u  CVQ         12     300        0.53  15     0.76
base  15k20u  IVQ_d75      0      60        0.53  27       --
base  30k50u  IVQ_d90      0      60        0.53  22       --
base  7k30u   IVQ_d75      0      60        0.53  18       --
base  10k30u  IVQ_d25      0      60        0.52  21       --
lora  20k30u  IVQ_d50      0      60        0.52  22       --
lora  30k75u  IVQ_d50      0      60        0.52  27       --
lora  30k75u  FVQ         92      31        0.52  32     0.98
base  25k30u  CVQ          4     382        0.52  27     0.73
base  15k50u  IVQ_d50      0      60        0.52  31       --
base  30k75u  IVQ_d50      0      60        0.52  18       --
lora  30k75u  IVQ_d75      0      60        0.52  24       --
lora  10k50u  IVQ_d50      0     399        0.51  20       --
lora  30k20u  IVQ_d50      7     372        0.51  23     0.69
base  30k20u  CVQ          5     381        0.51  18     0.79
base  10k75u  IVQ_d50      0      60        0.50  33       --
base  25k20u  IVQ_d25      0      60        0.50  27       --
base  25k75u  IVQ_d25      0      60        0.50  16       --
base  30k20u  IVQ_d25      0     398        0.50  15     0.86
lora  20k75u  IVQ_d75      0      60        0.50  31       --
base  2k5u    IVQ_d90     14     258        0.50  20     0.68
base  30k50u  IVQ_d75      0      60        0.50  24       --
base  30k15u  IVQ_d50      0      60        0.49  15       --
base  20k15u  IVQ_d50      0      60        0.49  16       --
base  20k20u  IVQ_d50      0      60        0.49  32       --
lora  10k75u  IVQ_d50      0      60        0.49   3       --
base  15k20u  IVQ_d90      0      60        0.49  33       --
base  20k75u  IVQ_d90      0      60        0.49  19       --
base  30k20u  IVQ_d90      0      60        0.48  24       --
lora  30k50u  IVQ_d75      0      60        0.48  17       --
base  25k75u  IVQ_d50      0      60        0.48  26       --
lora  25k75u  IVQ_d25      0      60        0.48   7       --
base  20k75u  IVQ_d75      0      60        0.47  29       --
base  7k50u   IVQ_d25      0      60        0.46  22       --

Saved plot: /rnd_ai_datasets1/projects/raka6003/transformer-memory-interference/lora_intervention/experiments/linear_probing/results/isoaccuracy_v3_gemma-3-4b-it.png
Saved summary: /rnd_ai_datasets1/projects/raka6003/transformer-memory-interference/lora_intervention/experiments/linear_probing/results/isoaccuracy_v3_gemma-3-4b-it_summary.json
