[08:04:30] E1 start. scans=['A', 'B'] cells={'A': [(10, 20), (10, 40), (10, 60), (10, 80), (10, 100)], 'B': [(10, 20), (20, 20), (30, 20), (40, 20), (46, 20)]} out=/content/gemma_out/e1
[08:04:38] Loading base (hf)...
[08:04:49] === model=base ===
[08:05:02] A K=10 N=20 FVQ: acc=1.000 n=40 hw=0.061 (13s)
[08:05:31] A K=10 N=20 CVQ: acc=0.520 n=100 hw=0.096 (30s)
[08:06:01] A K=10 N=20 IVQ@0.10: acc=0.480 n=100 hw=0.096 (30s)
[08:06:13] A K=10 N=20 IVQ@0.25: acc=0.000 n=40 hw=0.061 (12s)
[08:06:26] A K=10 N=20 IVQ@0.50: acc=0.000 n=40 hw=0.061 (12s)
[08:06:38] A K=10 N=20 IVQ@0.75: acc=0.000 n=40 hw=0.061 (13s)
[08:06:50] A K=10 N=20 IVQ@0.90: acc=0.000 n=40 hw=0.061 (12s)
[08:07:51] A K=10 N=40 FVQ: acc=0.870 n=100 hw=0.067 (61s)
[08:08:52] A K=10 N=40 CVQ: acc=0.320 n=100 hw=0.090 (61s)
[08:09:17] A K=10 N=40 IVQ@0.10: acc=0.000 n=40 hw=0.061 (24s)
[08:09:41] A K=10 N=40 IVQ@0.25: acc=0.000 n=40 hw=0.061 (24s)
[08:10:05] A K=10 N=40 IVQ@0.50: acc=0.000 n=40 hw=0.061 (24s)
[08:10:29] A K=10 N=40 IVQ@0.75: acc=0.000 n=40 hw=0.061 (24s)
[08:10:53] A K=10 N=40 IVQ@0.90: acc=0.000 n=40 hw=0.061 (24s)
[08:12:08] A K=10 N=60 FVQ: acc=0.900 n=80 hw=0.069 (75s)
[08:13:42] A K=10 N=60 CVQ: acc=0.190 n=100 hw=0.077 (94s)
[08:14:19] A K=10 N=60 IVQ@0.10: acc=0.000 n=40 hw=0.061 (37s)
[08:14:56] A K=10 N=60 IVQ@0.25: acc=0.000 n=40 hw=0.061 (37s)
[08:15:34] A K=10 N=60 IVQ@0.50: acc=0.000 n=40 hw=0.061 (37s)
[08:16:11] A K=10 N=60 IVQ@0.75: acc=0.000 n=40 hw=0.061 (38s)
[08:16:49] A K=10 N=60 IVQ@0.90: acc=0.000 n=40 hw=0.061 (37s)
[08:18:59] A K=10 N=80 FVQ: acc=0.810 n=100 hw=0.077 (131s)
[08:21:10] A K=10 N=80 CVQ: acc=0.160 n=100 hw=0.073 (131s)
[08:22:02] A K=10 N=80 IVQ@0.10: acc=0.000 n=40 hw=0.061 (52s)
[08:22:54] A K=10 N=80 IVQ@0.25: acc=0.000 n=40 hw=0.061 (52s)
[08:23:46] A K=10 N=80 IVQ@0.50: acc=0.000 n=40 hw=0.061 (52s)
[08:24:38] A K=10 N=80 IVQ@0.75: acc=0.000 n=40 hw=0.061 (52s)
[08:25:30] A K=10 N=80 IVQ@0.90: acc=0.000 n=40 hw=0.061 (51s)
[08:28:01] A K=10 N=100 FVQ: acc=0.878 n=90 hw=0.070 (152s)
[08:30:34] A K=10 N=100 CVQ: acc=0.111 n=90 hw=0.067 (152s)
[08:31:41] A K=10 N=100 IVQ@0.10: acc=0.000 n=40 hw=0.061 (67s)
[08:32:48] A K=10 N=100 IVQ@0.25: acc=0.000 n=40 hw=0.061 (67s)
[08:33:56] A K=10 N=100 IVQ@0.50: acc=0.000 n=40 hw=0.061 (68s)
[08:35:02] A K=10 N=100 IVQ@0.75: acc=0.000 n=40 hw=0.061 (66s)
[08:36:10] A K=10 N=100 IVQ@0.90: acc=0.000 n=40 hw=0.061 (68s)
[08:36:22] B K=10 N=20 FVQ: acc=1.000 n=40 hw=0.061 (12s)
[08:36:52] B K=10 N=20 CVQ: acc=0.520 n=100 hw=0.096 (30s)
[08:37:23] B K=10 N=20 IVQ@0.10: acc=0.480 n=100 hw=0.096 (30s)
[08:37:35] B K=10 N=20 IVQ@0.25: acc=0.000 n=40 hw=0.061 (12s)
[08:37:47] B K=10 N=20 IVQ@0.50: acc=0.000 n=40 hw=0.061 (12s)
[08:38:00] B K=10 N=20 IVQ@0.75: acc=0.000 n=40 hw=0.061 (13s)
[08:38:12] B K=10 N=20 IVQ@0.90: acc=0.000 n=40 hw=0.061 (12s)
[08:39:00] B K=20 N=20 FVQ: acc=0.900 n=80 hw=0.069 (48s)
[08:40:00] B K=20 N=20 CVQ: acc=0.130 n=100 hw=0.067 (60s)
[08:40:59] B K=20 N=20 IVQ@0.10: acc=0.230 n=100 hw=0.082 (60s)
[08:41:24] B K=20 N=20 IVQ@0.25: acc=0.000 n=40 hw=0.061 (24s)
[08:41:54] B K=20 N=20 IVQ@0.50: acc=0.020 n=50 hw=0.061 (30s)
[08:42:18] B K=20 N=20 IVQ@0.75: acc=0.000 n=40 hw=0.061 (24s)
[08:42:41] B K=20 N=20 IVQ@0.90: acc=0.000 n=40 hw=0.061 (24s)
[08:44:14] B K=30 N=20 FVQ: acc=0.830 n=100 hw=0.074 (92s)
[08:45:36] B K=30 N=20 CVQ: acc=0.122 n=90 hw=0.070 (82s)
[08:47:08] B K=30 N=20 IVQ@0.10: acc=0.200 n=100 hw=0.078 (92s)
[08:47:53] B K=30 N=20 IVQ@0.25: acc=0.020 n=50 hw=0.061 (46s)
[08:48:30] B K=30 N=20 IVQ@0.50: acc=0.000 n=40 hw=0.061 (37s)
[08:49:06] B K=30 N=20 IVQ@0.75: acc=0.000 n=40 hw=0.061 (36s)
[08:49:43] B K=30 N=20 IVQ@0.90: acc=0.000 n=40 hw=0.061 (36s)
[08:51:51] B K=40 N=20 FVQ: acc=0.770 n=100 hw=0.082 (128s)
[08:52:42] B K=40 N=20 CVQ: acc=0.000 n=40 hw=0.061 (51s)
[08:54:50] B K=40 N=20 IVQ@0.10: acc=0.220 n=100 hw=0.081 (128s)
[08:55:53] B K=40 N=20 IVQ@0.25: acc=0.020 n=50 hw=0.061 (63s)
[08:56:45] B K=40 N=20 IVQ@0.50: acc=0.000 n=40 hw=0.061 (51s)
[08:57:35] B K=40 N=20 IVQ@0.75: acc=0.000 n=40 hw=0.061 (51s)
[08:58:26] B K=40 N=20 IVQ@0.90: acc=0.000 n=40 hw=0.061 (51s)
[09:00:39] B K=46 N=20 FVQ: acc=0.878 n=90 hw=0.070 (133s)
[09:01:53] B K=46 N=20 CVQ: acc=0.040 n=50 hw=0.069 (74s)
[09:04:20] B K=46 N=20 IVQ@0.10: acc=0.170 n=100 hw=0.074 (147s)
[09:05:19] B K=46 N=20 IVQ@0.25: acc=0.000 n=40 hw=0.061 (59s)
[09:06:18] B K=46 N=20 IVQ@0.50: acc=0.000 n=40 hw=0.061 (59s)
[09:07:17] B K=46 N=20 IVQ@0.75: acc=0.000 n=40 hw=0.061 (59s)
[09:08:16] B K=46 N=20 IVQ@0.90: acc=0.000 n=40 hw=0.061 (59s)
[09:08:17] Loading LoRA (hf)...
[09:13:03] E1 start. scans=['A', 'B'] cells={'A': [(10, 20), (10, 40), (10, 60), (10, 80), (10, 100)], 'B': [(10, 20), (20, 20), (30, 20), (40, 20), (46, 20)]} out=/content/gemma_out/e1
[09:13:10] Loading base (hf)...
[09:13:20] === model=base ===
[09:13:21] Loading LoRA (hf)...
[09:13:27] === model=lora ===
[09:13:38] A K=10 N=20 FVQ: acc=1.000 n=40 hw=0.061 (12s)
[09:13:53] A K=10 N=20 CVQ: acc=0.980 n=50 hw=0.061 (14s)
[09:14:04] A K=10 N=20 IVQ@0.10: acc=1.000 n=40 hw=0.061 (11s)
[09:14:33] A K=10 N=20 IVQ@0.25: acc=0.710 n=100 hw=0.088 (29s)
[09:15:02] A K=10 N=20 IVQ@0.50: acc=0.260 n=100 hw=0.085 (29s)
[09:15:31] A K=10 N=20 IVQ@0.75: acc=0.210 n=100 hw=0.080 (29s)
[09:16:00] A K=10 N=20 IVQ@0.90: acc=0.260 n=100 hw=0.085 (29s)
[09:16:23] A K=10 N=40 FVQ: acc=1.000 n=40 hw=0.061 (23s)
[09:16:53] A K=10 N=40 CVQ: acc=0.980 n=50 hw=0.061 (30s)
[09:17:34] A K=10 N=40 IVQ@0.10: acc=0.943 n=70 hw=0.062 (41s)
[09:18:15] A K=10 N=40 IVQ@0.25: acc=0.057 n=70 hw=0.062 (42s)
[09:18:39] A K=10 N=40 IVQ@0.50: acc=0.000 n=40 hw=0.061 (24s)
[09:19:21] A K=10 N=40 IVQ@0.75: acc=0.071 n=70 hw=0.066 (42s)
[09:20:02] A K=10 N=40 IVQ@0.90: acc=0.071 n=70 hw=0.066 (42s)
[09:20:39] A K=10 N=60 FVQ: acc=1.000 n=40 hw=0.061 (37s)
[09:21:16] A K=10 N=60 CVQ: acc=1.000 n=40 hw=0.061 (37s)
[09:22:48] A K=10 N=60 IVQ@0.10: acc=0.290 n=100 hw=0.088 (92s)
[09:23:34] A K=10 N=60 IVQ@0.25: acc=0.020 n=50 hw=0.061 (46s)
[09:24:11] A K=10 N=60 IVQ@0.50: acc=0.000 n=40 hw=0.061 (37s)
[09:24:57] A K=10 N=60 IVQ@0.75: acc=0.020 n=50 hw=0.061 (46s)
[09:26:11] A K=10 N=60 IVQ@0.90: acc=0.087 n=80 hw=0.066 (74s)
[09:27:03] A K=10 N=80 FVQ: acc=1.000 n=40 hw=0.061 (52s)
[09:27:55] A K=10 N=80 CVQ: acc=1.000 n=40 hw=0.061 (52s)
[09:30:04] A K=10 N=80 IVQ@0.10: acc=0.380 n=100 hw=0.094 (128s)
[09:30:55] A K=10 N=80 IVQ@0.25: acc=0.000 n=40 hw=0.061 (52s)
[09:31:48] A K=10 N=80 IVQ@0.50: acc=0.000 n=40 hw=0.061 (52s)
[09:32:40] A K=10 N=80 IVQ@0.75: acc=0.000 n=40 hw=0.061 (52s)
[09:33:45] A K=10 N=80 IVQ@0.90: acc=0.040 n=50 hw=0.069 (65s)
[09:34:52] A K=10 N=100 FVQ: acc=1.000 n=40 hw=0.061 (67s)
[09:36:00] A K=10 N=100 CVQ: acc=1.000 n=40 hw=0.061 (68s)
[09:38:48] A K=10 N=100 IVQ@0.10: acc=0.220 n=100 hw=0.081 (168s)
[09:39:55] A K=10 N=100 IVQ@0.25: acc=0.000 n=40 hw=0.061 (67s)
[09:41:03] A K=10 N=100 IVQ@0.50: acc=0.000 n=40 hw=0.061 (68s)
[09:42:10] A K=10 N=100 IVQ@0.75: acc=0.000 n=40 hw=0.061 (67s)
[09:43:34] A K=10 N=100 IVQ@0.90: acc=0.020 n=50 hw=0.061 (84s)
[09:43:45] B K=10 N=20 FVQ: acc=1.000 n=40 hw=0.061 (11s)
[09:44:00] B K=10 N=20 CVQ: acc=0.980 n=50 hw=0.061 (14s)
[09:44:11] B K=10 N=20 IVQ@0.10: acc=1.000 n=40 hw=0.061 (11s)
[09:44:40] B K=10 N=20 IVQ@0.25: acc=0.710 n=100 hw=0.088 (29s)
[09:45:09] B K=10 N=20 IVQ@0.50: acc=0.260 n=100 hw=0.085 (29s)
[09:45:38] B K=10 N=20 IVQ@0.75: acc=0.210 n=100 hw=0.080 (29s)
[09:46:07] B K=10 N=20 IVQ@0.90: acc=0.260 n=100 hw=0.085 (29s)
[09:46:30] B K=20 N=20 FVQ: acc=1.000 n=40 hw=0.061 (23s)
[09:47:00] B K=20 N=20 CVQ: acc=0.980 n=50 hw=0.061 (29s)
[09:47:29] B K=20 N=20 IVQ@0.10: acc=0.980 n=50 hw=0.061 (29s)
[09:48:27] B K=20 N=20 IVQ@0.25: acc=0.420 n=100 hw=0.095 (58s)
[09:49:26] B K=20 N=20 IVQ@0.50: acc=0.130 n=100 hw=0.067 (59s)
[09:50:24] B K=20 N=20 IVQ@0.75: acc=0.180 n=100 hw=0.076 (58s)
[09:51:22] B K=20 N=20 IVQ@0.90: acc=0.240 n=100 hw=0.083 (58s)
[09:52:07] B K=30 N=20 FVQ: acc=0.980 n=50 hw=0.061 (45s)
[09:53:01] B K=30 N=20 CVQ: acc=0.950 n=60 hw=0.065 (54s)
[09:53:46] B K=30 N=20 IVQ@0.10: acc=0.980 n=50 hw=0.061 (45s)
[09:55:16] B K=30 N=20 IVQ@0.25: acc=0.490 n=100 hw=0.096 (90s)
[09:56:02] B K=30 N=20 IVQ@0.50: acc=0.040 n=50 hw=0.069 (45s)
[09:57:23] B K=30 N=20 IVQ@0.75: acc=0.122 n=90 hw=0.070 (82s)
[09:58:53] B K=30 N=20 IVQ@0.90: acc=0.180 n=100 hw=0.076 (90s)
[09:59:45] B K=40 N=20 FVQ: acc=1.000 n=40 hw=0.061 (51s)
[10:01:14] B K=40 N=20 CVQ: acc=0.929 n=70 hw=0.066 (89s)
[10:02:05] B K=40 N=20 IVQ@0.10: acc=1.000 n=40 hw=0.061 (51s)
[10:04:12] B K=40 N=20 IVQ@0.25: acc=0.530 n=100 hw=0.096 (127s)
[10:05:17] B K=40 N=20 IVQ@0.50: acc=0.040 n=50 hw=0.069 (65s)
[10:06:21] B K=40 N=20 IVQ@0.75: acc=0.040 n=50 hw=0.069 (64s)
[10:08:03] B K=40 N=20 IVQ@0.90: acc=0.100 n=80 hw=0.069 (102s)
[10:09:17] B K=46 N=20 FVQ: acc=0.980 n=50 hw=0.061 (74s)
[10:11:00] B K=46 N=20 CVQ: acc=0.943 n=70 hw=0.062 (104s)
[10:12:29] B K=46 N=20 IVQ@0.10: acc=0.950 n=60 hw=0.065 (88s)
[10:14:56] B K=46 N=20 IVQ@0.25: acc=0.610 n=100 hw=0.094 (147s)
[10:17:09] B K=46 N=20 IVQ@0.50: acc=0.122 n=90 hw=0.070 (133s)
[10:18:23] B K=46 N=20 IVQ@0.75: acc=0.020 n=50 hw=0.061 (74s)
[10:20:21] B K=46 N=20 IVQ@0.90: acc=0.075 n=80 hw=0.063 (118s)
[10:20:22] E1 done.

